:jigpieces
:reset
:vert-flip
:horiz-flip
:rotatable
+-------------+-------------+-------------+-------------+-------------+-------------+-------------+-------------+
|xxxxxxxxxxxxx|xxxxxxxxxxxxx|xxxxxx.xxxxxx|xxxxxxxxxxxxx|xxxxxx.xxxxxx|xxxxxx.xxxxxx|xxxxxxDxxxxxx|xxxxxxxxxxxxx|
|x$_________$x|x$_________bx|x$_x_x_x_x_$x|xb_________bx|x___________x|x$___x_x___$x|x__x$x_x$x__x|x___________x|
|x___x___x___x|x____b_____xx|x____x_x_x__x|x___$___$___x|x_b__$_$__b_x|x____x_x____x|xx_________xx|x_b_x___x_b_x|
|x$__x___x__$x|x$_________bx|xxxx_x_x____x|x___________x|x___________x|x____b_b____x|x$_________$x|x___x$$$x___x|
|x___x___x___x|x____b_____xx|xb___x_x____x|x___$___$___x|x____$_$____x|x___________x|xx____b____xx|x___xxxxx___x|
|x$__x___x__$x|x$______K_xxx|x____bKb____x|xb____K____bx|x_____K_____x|xxxb__K__bxxx|x_____K_____x|x____K______x|
|x___x___x___x|x____b______D|x___________x|.___________.|.____$_$____x|.___________.|D___________.|D___________.|
|x_____K_____x|x$________xxx|x___________x|xb__$___$__bx|x___________x|xxxb_____bxxx|x___________x|x___xxxxx___x|
|x___________x|x____b_____xx|x___________x|x___________x|x____$_$____x|x___________x|xx_________xx|x___x$$$x___x|
|x___________x|x$_________bx|x$_________$x|x___$___$___x|x___________x|x____b_b____x|x$____b____$x|x___x___x___x|
|xxxxb___bxxxx|x____b_____xx|x___________x|x___________x|x_b_______b_x|x____x_x____x|xx_________xx|x_b_______b_x|
|xxxxx___xxxxx|x$___x_x___bx|x$___b_b___$x|x____b_b____x|x___________x|x$___x_x___$x|x__x$x_x$x__x|x___________x|
|xxxxxxDxxxxxx|xxxxxxDxxxxxx|xxxxxx.xxxxxx|xxxxxxDxxxxxx|xxxxxx.xxxxxx|xxxxxx.xxxxxx|xxxxxxDxxxxxx|xxxxxxDxxxxxx|
+-------------+-------------+-------------+-------------+-------------+-------------+-------------+-------------+
|xxxxxxxxxxxxx|xxxxxxxxxxxxx|xxxxxx.xxxxxx|xxxxxxxxxxxxx|xxxxxx.xxxxxx|xxxxxx.xxxxxx|xxxxxx.xxxxxx|xxxxxxxxxxxxx|
|x...........x|x...........x|x...........x|x...........x|x...........x|x...........x|x...........x|x...........x|
|x...........x|x...........x|x...........x|x...........x|x...........x|x...........x|x...........x|x...........x|
|x...........x|x...........x|x...........x|x...........x|x...........x|x...........x|x...........x|x...........x|
|x...........x|x...........x|x...........x|x...........x|x...........x|x...........x|x...........x|x...........x|
|x...........x|x...........x|x...........x|x...........x|x...........x|x...........x|x...........x|x...........x|
|x...........x|x............|x...........x|.............|............x|.............|.............|.............|
|x...........x|x...........x|x...........x|x...........x|x...........x|x...........x|x...........x|x...........x|
|x...........x|x...........x|x...........x|x...........x|x...........x|x...........x|x...........x|x...........x|
|x...........x|x...........x|x...........x|x...........x|x...........x|x...........x|x...........x|x...........x|
|x...........x|x...........x|x...........x|x...........x|x...........x|x...........x|x...........x|x...........x|
|x...........x|x...........x|x...........x|x...........x|x...........x|x...........x|x...........x|x...........x|
|xxxxxx.xxxxxx|xxxxxx.xxxxxx|xxxxxx.xxxxxx|xxxxxx.xxxxxx|xxxxxx.xxxxxx|xxxxxx.xxxxxx|xxxxxx.xxxxxx|xxxxxx.xxxxxx|
+-------------+-------------+-------------+-------------+-------------+-------------+-------------+-------------+
|xxxxxxxxxxxxx|xxxxxxxxxxxxx|     x.xxxxxx|    xxxxx    |   xxx.xxx   |    xx.xxxxxx|    xx.xx    |xxxx         |
|x...........x|x...........x|     x......x|    x...x    |   x.....x   |    x.......x|   x.....x   |x..x         |
|x...........x|x...........x|     x......x|   x.....x   |   x.....x   |   x........x|  x.......x  |x...x        |
|x...........x|x...........x|     x......x|  x.......x  |xxxx.....xxxx|  x.........x|   x.....x   |x....x       |
|x...........x|x...........x|     x......x|xx.........xx|x...........x| x..........x|    x...x    |x.....xxxxxxx|
|x...........x|x...........x|     x......x|x...........x|x...........x|x...........x|xxxxx...xxxxx|x...........x|
|x...........x|x............|     x......x|.............|............x|.............|.............|.............|
|xxxxxx......x|x......xxxxxx|     x......x|x...........x|x...........x|x...........x|x...........x|x...........x|
|     x......x|x......x     |     x......x|xx.........xx|x...........x|x..........x |xxxxx...xxxxx|x...........x|
|     x......x|x......x     |     x......x|  x.......x  |xxxx.....xxxx|x.........x  |    x...x    |x...........x|
|     x......x|x......x     |     x......x|   x.....x   |   x.....x   |x........x   |    x...x    |x...........x|
|     x......x|x......x     |     x......x|    x...x    |   x.....x   |x.......x    |    x...x    |x...........x|
|     x.xxxxxx|xxxxxx.x     |     x.xxxxxx|    xx.xx    |   xxx.xxx   |xxxxxx.xx    |    xx.xx    |xxxxxx.xxxxxx|
+-------------+-------------+-------------+-------------+-------------+-------------+-------------+-------------+
|xxxxxx       |xxxxx  xxxxxx|     x.xxxxxx|             |   xxx.xxx   |    xx.xxxxxx|    xx.xx    |xxxx         |
|x....x       |x...x  x....x|     x......x|             |   x.....x   |    x..x....x|   x.....x   |x..x         |
|x....x       |x...x  x....x|    xx......x|             |   x.....x   |   x...x....x|  x.......x  |x...x        |
|x....x       |x...x  x....x|   x........x|             |xxxx.....x   |  x....x....x|   x......x  |x....x       |
|x....xxxxxxxx|x...x  x....x|  x.........x|xxxxxxxxxxxxx|x........x   | x.....x....x|    x.....x  |x.....xxxxxxx|
|x...........x|x...xxxx....x|  x.........x|x...........x|x........xxxx|x......x.xxxx|xxxxx.....xxx|x...........x|
|x...........x|x............|  x.........x|.............|............x|.............|.............|.............|
|xxxxxx......x|x......xxxxxx|  x.........x|x...........x|xxxx........x|x...........x|xxxxx...xxxxx|x......xxxxxx|
|     x......x|x......x     |  x.........x|xx.........xx|   x........x|x..........x |    x...x    |x......x     |
|     x......x|x......x     |  x.........x|  x.......x  |   x.....xxxx|x.........x  |    x...x    |x......x     |
|     x......x|x......x     |   x........x|   x.....x   |   x.....x   |x........x   |    x...x    |x......x     |
|     x......x|x......x     |    x.......x|    x...x    |   x.....x   |x.......x    |    x...x    |x......x     |
|     x.xxxxxx|xxxxxx.x     |     x.xxxxxx|    xx.xx    |   xxx.xxx   |xxxxxx.xx    |    xx.xx    |xxxxxx.x     |
+-------------+-------------+-------------+-------------+-------------+-------------+-------------+-------------+
|xxxxxxxxxxxx |xxxxxxxxxxxxx|     x.xxxxxx|             |   xxx.xxx   |    xx.xxxxxx|    xx.xx    |xxxx         |
|x..........x |x...........x|     x......x|      x      |   x.....x   |    x..x....x|   x.....x   |x..xxxxxxxxx |
|x....xxxxx.x |x...xxxx....x|    xx....x.x|     x.x     |   x.....x   |   x........x|  x.......x  |x..........x |
|x....x   x.x |x...x  x....x|   x......x.x|    x...x    |xxxx.....x   |  x.........x|  x...x...x  |x.....xx...x |
|x....xxxxx.xx|x...x  x....x|  x.......x.x|xxxxx...xxxxx|x........x   | x.....x....x|  x..xxx..x  |x.....xx...xx|
|x...........x|x...xxxx....x|  x.......x.x|x...........x|x..xxx...xxxx|x.....xxx..xx|xxx...x...xxx|x...........x|
|x...........x|x............|  x.......x.x|......x......|...x x......x|.......x.....|.............|...xx........|
|xxxxxx......x|x......xxxxxx|  x.......x.x|x....xxx....x|xxxx x......x|x...x.......x|xxxx.....xxxx|x..xx..xxxxxx|
|     x......x|x......x     |  x.......x.x|xx....x....xx|     x......x|x..xxx.....x |   xx...xx   |x......x     |
|     x......x|x......x     |  x...xxxxx.x|  x.......x  |     x...xxxx|x...x.....x  |    x...x    |x......x     |
|     x......x|x......x     |   x........x|   x.....x   |     x...x   | x.......x   |    x...x    |x......x     |
|     x......x|x......x     |    x.......x|    x...x    |     x...x   |  x.....x    |    x...x    |x......x     |
|     x.xxxxxx|xxxxxx.x     |     x.xxxxxx|    xx.xx    |     x.xxx   |   xxx.xx    |    xx.xx    |xxxxxx.x     |
+-------------+-------------+-------------+-------------+-------------+-------------+-------------+-------------+
|xxxxxxxxxxxx |xxxxxxxxxxxxx|     x.xxxxxx|             |   xxx.xxx   |    xx.xxxxxx|    xx.xx    |xxxx         |
|x..........x |x...........x|     x......x|             |   x.....x   |    x..x....x|   x.....x   |x..xxxxxxxxx |
|x....xxxxx.x |x...xxxx....x|    xx..xxx.x|             |   x.....x   |   x........x|  x.......x  |x..........x |
|x....x   x.x |x...x.......x|   x....x x.x|             |xxxx.....x   |  x.........x|  x...x...x  |x..xxxxx...x |
|x....xxxxx.xx|x...x.......x|  x...xxx x.x|xxxxx   xxxxx|x........x   | x.....x....x|  x..xxx..x  |x..xxxxx...xx|
|x...........x|x...x.......x|  x...x   x.x|x...x   x...x|x..xxx...xxxx|x.....xxx..xx|xxx...x...xxx|x..xxxx.....x|
|x...........x|x............|  x...x   x.x|....x x x....|.........x..x|.....xxx.....|.............|...xxx.......|
|x....xx.....x|x.........xxx|  x...x   x.x|x...xxxxx...x|xxxxxx......x|x...xxx.....x|xxxx..x..xxxx|x..xx..xxxxxx|
| x...xx.....x|x........x   |  x...x   x.x|xx....x....xx|     x...x..x|x..xxx.....x |   xx...xx   |x......x     |
|  x.....xx..x|x......xx    |  x...xxxxx.x|  x.......x  |     x...xxxx|x...x.....x  |    x.x.x    |x......x     |
|   x....xx..x|x......x     |   x........x|   x.....x   |     x...x   | x.......x   |    x...x    |x......x     |
|    xx......x|x......x     |    x.......x|    x...x    |     x...x   |  x.....x    |    x...x    |x......x     |
|     x.xxxxxx|xxxxxx.x     |     x.xxxxxx|    xx.xx    |     x.xxx   |   xxx.xx    |    xx.xx    |xxxxxx.x     |
+-------------+-------------+-------------+-------------+-------------+-------------+-------------+-------------+
|      ,      |             |             |             |      ,      |             |             |             |
|      ,      |             |             |             |      ,      |             |             |             |
|      ,      |             |             |             |   ,,,,      |             |             |             |
|      ,      |             |             |             |   ,         |             |             |             |
|      ,      |             |             |             |   ,         |    ,,,,,    |             |             |
|      ,      |             |             |             |   ,         |    ,,,,,    |             |             |
|,,,,,,,,,,,,,|,,,,,,,,,,,,,|,,,,,,,      |,,,,,,,,,,,,,|,,,,,,,,,,,,,|,,,,,,,,,,,,,|,,,,,,,      |,,,,     ,,,,|
|      ,      |      ,      |      ,      |             |      ,      |      ,      |  ,   ,      |   ,     ,   |
|      ,      |      ,      |      ,      |             |      ,      |      ,      |  ,   ,      |   ,     ,   |
|      ,      |      ,      |      ,      |             |      ,      |      ,      |  ,   ,      |   ,     ,   |
|      ,      |      ,      |      ,      |             |      ,      |      ,      |  ,   ,      |   ,,,,,,,   |
|      ,      |      ,      |      ,      |             |      ,      |      ,      |  ,,,,,      |             |
|      ,      |      ,      |      ,      |             |      ,      |      ,      |      ,      |             |
+-------------+-------------+-------------+-------------+-------------+-------------+-------------+-------------+
|      ,      |             |             |             |      ,      |             |             |             |
|      ,      |             |             |             |      ,      |  ,,,,,,,,,  |             |             |
|   ,,,,,,,   |             |             |             |   ,,,,,,,   |  ,   ,   ,  |             |             |
|   ,     ,   |             |             |             |   ,     ,   |  , ,,,,, ,  |             |             |
|   ,     ,   |             |             |   ,,,,,,,   |   ,     ,   |  , ,,,,, ,  |             |             |
|   ,     ,   |             |             |   ,,,,,,,   |   ,         |  ,       ,  |             |             |
|,,,,     ,,,,|,,,,,,,,,,,,,|,,           |,,,,,,,,,,,,,|,,,,,,,,,,,,,|,,,,,,,,,,,,,|,,,,,,,      |,,,,,,,,,,,,,|
|   ,     ,   |  ,   ,      | ,           |   ,,,,,,,   |      ,      |      ,      |  ,,,,,      |   ,     ,   |
|   ,     ,   |  ,,  ,      | ,,          |   ,,,,,,,   |      ,      |      ,      |  ,,,,,      |   ,     ,   |
|   ,,,,,,,   |   ,, ,      |  ,,         |             |      ,      |      ,      |  ,,,,,      |   ,     ,   |
|      ,      |    ,,,      |   ,,        |             |      ,      |      ,      |  ,,,,,      |   ,,,,,,,   |
|      ,      |      ,      |    ,,,      |             |      ,      |      ,      |  ,,,,,      |             |
|      ,      |      ,      |      ,      |             |      ,      |      ,      |      ,      |             |
+-------------+-------------+-------------+-------------+-------------+-------------+-------------+-------------+
|      ,      |             |             |             |      ,      |             |             |             |
|      ,      |             |             |   ,,,,,,    |      ,      |  ,,,,,,,,,  |             |             |
|   ,,,,,,,   |             |             |   ,,,,,,    |   ,,,,,,,   |  ,   ,   ,  |             |             |
|   ,  ,  ,   |             |             |        ,    |   ,   ,,,   |  , ,,,,, ,  |             |             |
|   ,  ,  ,   |             |             |   ,,,,,,,   |   ,  ,,,,   |  , ,,,,, ,  |             |             |
|   , ,,, ,   |             |             |   ,,,,,,,   |   ,  ,,,    |  ,   ,   ,  |             |             |
|,,,,,,,,,,,,,|,,,,,,,,,,,,,|,,,,,,,,,    |,,,,,,,,,,,,,|,,,,,,,,,,,,,|,,,,,,,,,,,,,|,,,,,,,      |,,,,,,,,,,,,,|
|   , ,,, ,   |  ,,,,,      | ,     ,,    |   ,,,,,,,   |      ,      |  ,,,,,,,,,  |  ,,,,,      |   ,,,,,,,   |
|   ,  ,  ,   |  ,,,,,      | ,,    ,,    |   ,,,,,,,   |      ,      |      ,      |  ,,,,,      |   ,,,,,,,   |
|   ,,,,,,,   |   ,,,,      |  ,,   ,,    |             |      ,      |      ,      |  ,,,,,      |   ,,,       |
|      ,      |    ,,,      |   ,,  ,,    |             |      ,      |      ,      |  ,,,,,      |   ,,,       |
|      ,      |      ,      |    ,,,,     |             |      ,      |      ,      |  ,,,,,      |             |
|      ,      |      ,      |      ,      |             |      ,      |      ,      |      ,      |             |
+-------------+
|             |
|             |
|             |
|             |
|             |
|             |
|             |
|             |
|             |
|             |
|             |
|             |
|             |
:fragment
+-------------+
|sssssssssssss|
|sssssssssssss|
|sssssssssssss|
|sssssssssssss|
|sssssssssssss|
|sssssssssssss|
|sssssssssssss|
|sssssssssssss|
|sssssssssssss|
|sssssssssssss|
|sssssssssssss|
|sssssssssssss|
|sssssssssssss|
:alternative
+-------------+-------------+-------------+-------------+-------------+-------------+-------------+-------------+
|             |             |        xxx  |             |     xxx     | xxxxxxxxxxx |             |             |
|  xxxxxxxxx  |             |        x.x  |             |  xxxxTxxxx  | x.........x |             |             |
|  x.......x  |             |        x.x  |             |  x.......x  | x.xxx.xxx.x |             |             |
|  x.xx.xx.x  |             |        x.x  |  xxxxxxxxx  |  x.xxxxx.x  | x.x.....x.x |             |             |
|  x.x...x.x  |             |        x.x  |  x.......x  |  x.x   x.x  | x.x..T..x.x |             |             |
|  x.x...x.x  |xxxxxxxx     |xxxxxxxxx.x  |xxx.......xxx|xxx.xxxxxxxxx|xx.xxxxxxx.xx|xxxxxxxx     |xxxxxxxxxxxxx|
|  x.x...x.x  |xT.....x     |xT........x  |x.....T.....x|x...........x|x...........x|x......x     |x...........x|
|  x.x...x.x  |xx.....x     |x......xxxx  |xxx.......xxx|xxxxxx.xxxxxx|xxxxxx.xxxxxx|xx.....x     |xxx.......xxx|
|  x.xxxxx.x  | x.....x     |x......x     |  x.......x  |     x.x     |     x.x     | x.....x     |  x.......x  |
|  x...T...x  | xx....x     |xx.....x     |  xxxxxxxxx  |     x.x     |     x.x     | x.....x     |  x.......x  |
|  xxxxxxxxx  |  xx...x     | xx....x     |             |     x.x     |     x.x     | x.....x     |  x.......x  |
|             |   xxx.x     |  xx...x     |             |     x.x     |     x.x     | x.....x     |  xxxxxxxxx  |
|             |     xxx     |   xxxxx     |             |     xxx     |     xxx     | xxxxxxx     |             |
+-------------+-------------+-------------+-------------+-------------+-------------+-------------+-------------+
|xxxxxxxxxxxxx|xxxxxxxxxxxxx|     xxxxxxxx|    xxxxx    |   xxxxxxx   |    xxxxxxxxx|   xxxxxxx   |xxxx         |
|xT..........x|x...........x|     x......x|   xx...xx   |   x.....x   |   xx.......x|  xx.....xx  |xT.xx        |
|x...........x|x...........x|     x......x|  xx.....xx  |   x.....x   |  xx........x|  x.......x  |x...xx       |
|x...........x|x...........x|     x......x| xx.......xx |xxxx.....xxxx| xx.........x|  xx.....xx  |x....xx      |
|x...........x|x...xxxxxx..x|     x......x|xx.........xx|x..........Tx|xx..........x|   xx...xx   |x.....xxxxxxx|
|x...........x|x...x    x..x|     x......x|xT..........x|x...........x|xT..........x|xxxxx...xxxxx|x...........x|
|x...........x|x...x    x..x|     x......x|x...........x|x...........x|x...........x|x...........x|x...........x|
|xxxxxx......x|x...x    x.xx|     x......x|x...........x|x...........x|x...........x|x...........x|x...........x|
|     x......x|x...xxxx x.x |     x......x|xx.........xx|x...........x|x..........xx|xxxxx...xxxxx|x...........x|
|     x......x|x......xxx.x |     x......x| xx.......xx |xxxx.....xxxx|x.........xx |    x...x    |x...........x|
|     x......x|x..........x |     x......x|  xx.....xx  |   x.....x   |x........xx  |    x...x    |x...........x|
|     x......x|xT.....xxxxx |     xT.....x|   xx...xx   |   x.....x   |x.......xx   |    xT..x    |x...........x|
|     xxxxxxxx|xxxxxxxx     |     xxxxxxxx|    xxxxx    |   xxxxxxx   |xxxxxxxxx    |    xxxxx    |xxxxxxxxxxxxx|
#-------------+-------------+-------------+-------------+-------------+-------------+-------------+-------------+
:fragment
+-------------+
|sssss        |
|sxxxx        |
|sx...        |
|sx...        |
|sx...        |
|             |
|             |
|             |
|             |
|             |
|             |
|             |
|             |
:alternative
+-------------+-------------+-------------+-------------+
|xxxx         | xxx         |xxxxx        |xxxxx        |
|x..xx        |xxbxx        |xb.xx        |x...x        |
|x....        |xb...        |x....        |x....        |
|xx...        |xx...        |xx...        |x....        |
| x...        | x...        | x...        |xx...        |
|             |             |             |             |
|             |             |             |             |
|             |             |             |             |
|             |             |             |             |
|             |             |             |             |
|             |             |             |             |
|             |             |             |             |
|             |             |             |             |
:fragment
+-------------+
|..........   |
|..........   |
|..........   |
|..........   |
|..........   |
|..........   |
|..........   |
|..........   |
|..........   |
|..........   |
|             |
|             |
|             |
:alternative
+-------------+-------------+-------------+-------------+-------------+-------------+-------------+-------------+
|..........   |..........   |..........   |..........   |..........   |..........   |..........   |..........   |
|.x.....x..   |.xxxxxxxx.   |.xxxxxxxx.   |.xxxxxxxx.   |.x.....x..   |.xxxxxxxx.   |.xxxxxxxx.   |..x.......   |
|..x...x...   |.x..T...x.   |.D......x.   |.x..T...x.   |..x...x...   |.x..T...x.   |.D......x.   |.xxx......   |
|...b.b....   |.x......x.   |.D......x.   |.x......x.   |...b.b....   |.x......x.   |.D......x.   |..x.......   |
|....T.....   |.x..L...x.   |.D......x.   |.x..A...x.   |....G.....   |.x......x.   |.D......x.   |..........   |
|...b.b....   |.x......x.   |.D......x.   |.x......x.   |...b.b....   |.x......x.   |.D......x.   |......x...   |
|..x...x...   |.x......x.   |.D......x.   |.x......x.   |..x...x...   |.xG....Gx.   |.D......x.   |.....xxx..   |
|.x.....x..   |.xxxxxxxx.   |.xxxxxxxx.   |.xxxxxxxx.   |.x.....x..   |.xxxxxxxx.   |.xxxxxxxx.   |......x...   |
|..........   |..........   |..........   |..........   |..........   |..........   |..........   |..........   |
|..........   |..........   |..........   |..........   |..........   |..........   |..........   |..........   |
|..........   |..........   |..........   |..........   |..........   |..........   |..........   |..........   |
|             |             |             |             |             |             |             |             |
|             |             |             |             |             |             |             |             |
:fragment
+-------------+
|.......      |
|.......      |
|.......      |
|.......      |
|.......      |
|.......      |
|             |
|             |
|             |
|             |
|             |
|             |
|             |
:alternative
+-------------+-------------+-------------+-------------+-------------+-------------+-------------+-------------+
|.......      |.......      |.......      |.......      |.......      |.......      |.......      |.......      |
|...x...      |..xxx..      |...x...      |..xbx..      |...x...      |.xxxx..      |...x...      |..xbx..      |
|..xxx..      |..xxx..      |..xxx..      |..bxb..      |..xxx..      |.x$.x..      |..xxx..      |..bxb..      |
|...x...      |..xxx..      |...x...      |..xbx..      |..xxx..      |.x..x..      |...x...      |..xbx..      |
|.......      |.......      |.......      |.......      |...x...      |.xDDx..      |.......      |.......      |
|.......      |.......      |.......      |.......      |.......      |.......      |.......      |.......      |
|             |             |             |             |             |             |             |             |
|             |             |             |             |             |             |             |             |
|             |             |             |             |             |             |             |             |
|             |             |             |             |             |             |             |             |
|             |             |             |             |             |             |             |             |
|             |             |             |             |             |             |             |             |
|             |             |             |             |             |             |             |             |
+-------------+-------------+-------------+-------------+-------------+-------------+-------------+-------------+
|.......      |.......      |.......      |.......      |.......      |.......      |.......      |.......      |
|.......      |..xbx..      |..xxx..      |.......      |...x...      |.xxxxx.      |...xx..      |.xxxxx.      |
|...m...      |..bxb..      |...x...      |..m....      |..xGx..      |.x$.Gx.      |...xx..      |.xLLLx.      |
|.......      |..xbx..      |...x...      |.......      |...x...      |.x...x.      |.xx....      |.xLLLx.      |
|.......      |.......      |..xxx..      |.......      |.......      |.xDDDx.      |.xx....      |.xLLLx.      |
|.......      |.......      |.......      |.......      |.......      |.......      |.......      |.......      |
|             |             |             |             |             |             |             |             |
|             |             |             |             |             |             |             |             |
|             |             |             |             |             |             |             |             |
|             |             |             |             |             |             |             |             |
|             |             |             |             |             |             |             |             |
|             |             |             |             |             |             |             |             |
|             |             |             |             |             |             |             |             |
+-------------+-------------+-------------+-------------+-------------+-------------+-------------+-------------+
|.......      |.......      |.......      |.......      |.......      |.......      |.......      |.......      |
|.x.....      |..bxb..      |..xxx..      |.......      |..xGx..      |.xxxxx.      |...xx..      |.xxxxx.      |
|..x....      |..xxx..      |...xG..      |..m....      |..GxG..      |.x$.Mx.      |..AAx..      |.xLLLx.      |
|...x...      |..xxx..      |..Gx...      |.......      |..xGx..      |.x...x.      |.xAA...      |.xLLLx.      |
|....x..      |..bxb..      |..xxx..      |.......      |.......      |.xDDDx.      |.xx....      |.xxxxx.      |
|.......      |.......      |.......      |.......      |.......      |.......      |.......      |.......      |
|             |             |             |             |             |             |             |             |
|             |             |             |             |             |             |             |             |
|             |             |             |             |             |             |             |             |
|             |             |             |             |             |             |             |             |
|             |             |             |             |             |             |             |             |
|             |             |             |             |             |             |             |             |
|             |             |             |             |             |             |             |             |
+-------------+-------------+-------------+-------------+-------------+-------------+-------------+-------------+
|.......      |.......      |.......      |.......      |.......      |.......      |.......      |.......      |
|.G.....      |...x...      |.xb....      |.......      |..xGx..      |.xxxxx.      |.xxxx..      |.xxxxx.      |
|..G....      |..xxx..      |....bx.      |..b....      |..bxb..      |.xL$Lx.      |.xAAx..      |.xLLLx.      |
|...G...      |..xxx..      |.xb....      |.......      |..xGx..      |.xT..x.      |.xAAx..      |.xLLLx.      |
|....G..      |...x...      |....bx.      |.......      |.......      |.xDDDx.      |.xxxx..      |.xxxxx.      |
|.......      |.......      |.......      |.......      |.......      |.......      |.......      |.......      |
|             |             |             |             |             |             |             |             |
|             |             |             |             |             |             |             |             |
|             |             |             |             |             |             |             |             |
|             |             |             |             |             |             |             |             |
|             |             |             |             |             |             |             |             |
|             |             |             |             |             |             |             |             |
|             |             |             |             |             |             |             |             |
:fragment
+-------------+
|ssssssss     |
|ssssssss     |
|ssssssss     |
|ssssssss     |
|ssssssss     |
|ssssssss     |
|ssssssss     |
|ssssssss     |
|             |
|             |
|             |
|             |
|             |
:alternative
+-------------+-------------+-------------+-------------+-------------+-------------+-------------+-------------+
|xxxxxxxx     |xxxxxxxx     |xxxxxxxx     |xxxxxxxx     |xxxxxxxx     |xxxxxxxx     |xxxxxxxx     |xxxxxxxx     |
|xG,,,,,x     |x,,,,,,x     |x,,,,,,x     |x,,,x$$x     |xxxx$xxx     |xxxxxxxx     |xx,,,,xx     |xG,,,,Gx     |
|x,,,,,,x     |x,,,,,,x     |x,G,,,,x     |x,,,x,,x     |xx,,$,xx     |xx,,,,xx     |x,,,,,,x     |x,,,,,,x     |
|x,,,,,,x     |x,,,G,,x     |x,,,,,,x     |x,,,xxxx     |x,,,,,,x     |xx,$$,xx     |x,,$$,,x     |x,,pp,,x     |
|x,,,,,,x     |x,,,,,,x     |x,,,,G,x     |x,,,,,,x     |x,,G,,,x     |xx,$$,xx     |x,,$$,,x     |x,,pp,,x     |
|x,,,,,,x     |x,,,,,,x     |x,,,,,,x     |xDDx,,,x     |xx,,,,,x     |xx,,,,xx     |x,,,,,,x     |x,,,,,,x     |
|x,,,,,,x     |x,,,,,,x     |x$,,,,,x     |x,Gx,,,x     |xxx,,xxx     |xxxxxxxx     |xx,,,,xx     |xG,,,,Gx     |
|xxxxxxxx     |xxxxxxxx     |xxxxxxxx     |xxxxxxxx     |xxxxxxxx     |xxxxxxxx     |xxxxxxxx     |xxxxxxxx     |
|             |             |             |             |             |             |             |             |
|             |             |             |             |             |             |             |             |
|             |             |             |             |             |             |             |             |
|             |             |             |             |             |             |             |             |
|             |             |             |             |             |             |             |             |
+-------------+-------------+-------------+-------------+-------------+-------------+-------------+-------------+
|xxxxx        |xxxxx        |xxxxx        |xxxxx        |xxxxx        |xxxxx        |xxxxx        |xxxxx        |
|x$,xx        |x$$,x        |xpppx        |xT,,x        |x$,$x        |x,,,x        |x,,,x        |xG,,x        |
|x,,xx        |x,,,x        |xpppx        |x,,,x        |x,,,x        |x,$,x        |x,,,x        |x,,,x        |
|xx,xxxxx     |xDDDxxxx     |xxxxxxxx     |x,,,xxxx     |xx,xxxxx     |x,$,xxxx     |x,,,xxxx     |x,,,xxxx     |
|xxDxx,Tx     |x,,,,,,x     |x,,,,,,x     |x,,,,,,x     |x,,G,,,x     |x,$,x,,x     |x,,$,,,x     |x,,,,G,x     |
|x,,,,,,x     |x,,,,,,x     |x,,,,,,x     |x,,,,,,x     |x,,,,,,x     |x,,,x,,x     |x,,,,,,x     |x,,,,,,x     |
|xG,,,,Gx     |x,,,,,Tx     |x,,,,,Tx     |x,,,,,Gx     |x,,,,,Tx     |x,,,x,,x     |x,,,,,Gx     |x,G,,,,x     |
|xxxxxxxx     |xxxxxxxx     |xxxxxxxx     |xxxxxxxx     |xxxxxxxx     |xxxxxxxx     |xxxxxxxx     |xxxxxxxx     |
|             |             |             |             |             |             |             |             |
|             |             |             |             |             |             |             |             |
|             |             |             |             |             |             |             |             |
|             |             |             |             |             |             |             |             |
|             |             |             |             |             |             |             |             |
+-------------+-------------+-------------+-------------+-------------+-------------+-------------+-------------+
|xxxxx        |xxxxx        |xxxxx        |xxxxx        |xxxxx        |xxxxx        |xxxxx        |xxxxx        |
|x$$$x        |x,,,x        |x,,,x        |x,,,x        |xG,,x        |x,,,x        |x,,,x        |x,,,x        |
|xxxxx        |x,,,x        |x,$,x        |x,G,x        |x,,,x        |x,,,x        |x,,,x        |x,,,x        |
|x,,,xxxx     |x,,,xxxx     |x,,,xxxx     |x,,,xxxx     |x,,xxxxx     |x,,xxxxx     |x,,,xxxx     |x,,,xxxx     |
|x,,,,,,x     |xG,,,,,x     |x,,,,,,x     |x,,,,,,x     |x,,x,,,x     |x,,xpppx     |x,,$,,,x     |x,,G,,,x     |
|xxxx,,,x     |xxxx,,,x     |xxxx,$,x     |xxxx,,,x     |xxxx,$,x     |xxxxpppx     |xxxx,,,x     |xxxx,,,x     |
|   x,G,x     |   x,,,x     |   x,,,x     |   x,,,x     |   x,,,x     |   xpppx     |   x,,,x     |   x,,,x     |
|   xxxxx     |   xxxxx     |   xxxxx     |   xxxxx     |   xxxxx     |   xxxxx     |   xxxxx     |   xxxxx     |
|             |             |             |             |             |             |             |             |
|             |             |             |             |             |             |             |             |
|             |             |             |             |             |             |             |             |
|             |             |             |             |             |             |             |             |
|             |             |             |             |             |             |             |             |
+-------------+-------------+-------------+-------------+-------------+-------------+-------------+-------------+
|  xxx        |  xxx        |  xxx        |  xxx        |  xxx        |  xxx        |  xxx        |  xxx        |
|xxx,xxxx     |xxx,xxxx     |xxx,xxxx     |xxx,xxxx     |xxxGxxxx     |xxx,xxxx     |xxx,xxxx     |xxx,xxxx     |
|x,,,,,,x     |x,,,,,,x     |x,,,,,,x     |x,,,,,,x     |x,,,,,,x     |x,,,x,,x     |x,,,,,Gx     |x,,,,,,x     |
|x,,$,,,x     |x,,$$,,x     |x,,,L,,x     |x,,,,,,x     |x,xxx,,x     |x,,,,,,x     |x,,,,,,x     |x,,,,,,x     |
|x,,,,,,x     |x,,,,,,x     |x,,,,,,x     |x,,,,,,x     |x,$,,,,x     |x,,,,,,x     |x,,,,,,x     |x,,G,,,x     |
|xx,,,xxx     |xx,,,xxx     |xx,,,xxx     |xx,,,xxx     |xx,,,xxx     |xxx,,xxx     |xx,,,xxx     |xx,,,xxx     |
| x,,,x       | x,,,x       | x,$$x       | x,,,x       | x,,,x       | x$,,x       | x,,,x       | x,,,x       |
| xxxxx       | xxxxx       | xxxxx       | xxxxx       | xxxxx       | xxxxx       | xxxxx       | xxxxx       |
|             |             |             |             |             |             |             |             |
|             |             |             |             |             |             |             |             |
|             |             |             |             |             |             |             |             |
|             |             |             |             |             |             |             |             |
|             |             |             |             |             |             |             |             |
+-------------+-------------+-------------+-------------+-------------+-------------+-------------+-------------+
|  xxxx       |  xxxx       |  xxxx       |  xxxx       |  xxxx       |  xxxx       |  xxxx       |  xxxx       |
|  x,$x       |  xLLx       |  x,,x       |  x,Gx       |  x,,x       |  x$$x       |  x,,x       |  x,,x       |
|  xxxx       |  x,,x       |  x,,x       |  x,,x       |  x,$x       |  x,,x       |  x,,x       |  x,,x       |
|  x,Gx       |  x,,x       |  x,,x       |  x,,x       |  x,,x       |  xxxx       |  x,,x       |  x,,x       |
|  x,,x       |  x,,x       |  x,,x       |  x,,x       |  x,,x       |  x,Gx       |  x,,x       |  x,,x       |
|  xxxx       |  x,,x       |  x,,x       |  x,,x       |  x,,x       |  x,,x       |  xG,x       |  x,,x       |
|  x,$x       |  x,,x       |  x,,x       |  x,,x       |  x,,x       |  x,,x       |  x,,x       |  xG,x       |
|  xxxx       |  xxxx       |  xxxx       |  xxxx       |  xxxx       |  xxxx       |  xxxx       |  xxxx       |
|             |             |             |             |             |             |             |             |
|             |             |             |             |             |             |             |             |
|             |             |             |             |             |             |             |             |
|             |             |             |             |             |             |             |             |
|             |             |             |             |             |             |             |             |
+-------------+-------------+-------------+-------------+-------------+-------------+-------------+-------------+
|  xxx        |  xxx        |  xxx        |  xxx        |  xxx        |  xxx        |  xxx        |  xxx        |
|xxxxxxxx     |xxxxxxxx     |xxxxxxxx     |xxxxxxxx     |xxxxxxxx     |xxxxxxxx     |xxxxxxxx     |xxxxxxxx     |
|xxx,xxxx     |xxx$xxxx     |xxx,xxxx     |xxx$xxxx     |xxx,xxxx     |xxx,xxxx     |xxx,xxxx     |xxx$xxxx     |
|xx,$$,xx     |xx,,,,xx     |xx,,,Txx     |xx,,,,xx     |xx$,,,xx     |xx,,,Txx     |xx,$$,xx     |xxT,,,xx     |
|xx,$$,xx     |xx,$,,xx     |xx,,,,xx     |xx,,,$xx     |xx,,,Txx     |xx,,,,xx     |xx,$$,xx     |xx,,,,xx     |
|xxT,,xxx     |x$,T,xxx     |xx$$$xxx     |xx,,,xxx     |xx$,,xxx     |xx,,$xxx     |xx,,,xxx     |xx,,,xxx     |
| xxxxx       | xxxxx       | xxxxx       | xxxxx       | xxxxx       | xxxxx       | xxxxx       | xxxxx       |
| xxxxx       | xxxxx       | xxxxx       | xxxxx       | xxxxx       | xxxxx       | xxxxx       | xxxxx       |
|             |             |             |             |             |             |             |             |
|             |             |             |             |             |             |             |             |
|             |             |             |             |             |             |             |             |
|             |             |             |             |             |             |             |             |
|             |             |             |             |             |             |             |             |
:fragment
+-------------+
|.....        |
|.....        |
|.....        |
|.....        |
|.....        |
|             |
|             |
|             |
|             |
|             |
|             |
|             |
|             |
:alternative
+-------------+-------------+-------------+-------------+-------------+-------------+-------------+-------------+
|.....        |.....        |.....        |.....        |.....        |.....        |.....        |.....        |
|..x..        |.xxx.        |.....        |.....        |.x...        |..xb.        |..G..        |.xGx.        |
|.xxx.        |.xGx.        |..m..        |..M..        |.....        |.xxx.        |.xxx.        |.bxG.        |
|..x..        |.....        |.....        |.....        |...x.        |.bx..        |..G..        |.xbx.        |
|.....        |.....        |.....        |.....        |.....        |.....        |.....        |.....        |
|             |             |             |             |             |             |             |             |
|             |             |             |             |             |             |             |             |
|             |             |             |             |             |             |             |             |
|             |             |             |             |             |             |             |             |
|             |             |             |             |             |             |             |             |
|             |             |             |             |             |             |             |             |
|             |             |             |             |             |             |             |             |
|             |             |             |             |             |             |             |             |
:fragment
+-------------+
|sssss        |
|sssss        |
|sssss        |
|sssss        |
|sssss        |
|             |
|             |
|             |
|             |
|             |
|             |
|             |
|             |
:alternative
+-------------+-------------+-------------+-------------+-------------+-------------+-------------+-------------+
|,,,,,        |,,,,,        |,,,,,        |,,,,,        |,,,,,        |,,,,,        |,,,,,        |,,,,,        |
|,,r,,        |,LLL,        |,AAA,        |,r,,,        |,r,,,        |,,rb,        |,,G,,        |,rGr,        |
|,rLr,        |,LrL,        |,AAA,        |,,r,,        |,,,,,        |,rrr,        |,rrr,        |,bTG,        |
|,,r,,        |,LLL,        |,AAA,        |,,r,,        |,,,r,        |,br,,        |,,G,,        |,rbr,        |
|,,,,,        |,,,,,        |,,,,,        |,,,,,        |,,,,,        |,,,,,        |,,,,,        |,,,,,        |
|             |             |             |             |             |             |             |             |
|             |             |             |             |             |             |             |             |
|             |             |             |             |             |             |             |             |
|             |             |             |             |             |             |             |             |
|             |             |             |             |             |             |             |             |
|             |             |             |             |             |             |             |             |
|             |             |             |             |             |             |             |             |
|             |             |             |             |             |             |             |             |
##--------+--------+--------+--------+--------+--------+--------+--------+--------+
#:fragment
#+--------+
#|........|
#|xxxxxxxx|
#|xxxxxxxx|
#|........|
#|        |
#|        |
#|        |
#|        |
##--------+
#:alternative
#+--------+--------+--------+--------+
#|........|........|........|........|
#|xxxxTxxx|xAAxxxxx|x....xxx|xMx.xMxx|
#|xxxx.xxx|xAAxxxxx|x....xxx|x.xMx.xx|
#|........|........|........|........|
#|        |        |        |        |
#|        |        |        |        |
#|        |        |        |        |
#|        |        |        |        |
##--------+--------+--------+--------+
#:fragment
#+--------+
#|ssss    |
#|ssss    |
#|ssss    |
#|ssss    |
#|        |
#|        |
#|        |
#|        |
##--------+
#:alternative
#+--------+--------+--------+--------+--------+--------+--------+--------+--------+--------+--------+--------+--------+--------+--------+--------+
#|        |        |        |        |  r     |   r    | r      | r      |rrr     |r  r    |rr r    | rr     |rrr     | rrr    |rrr     | rr     |
#| T      |  A     |        |  r     | rrr    |  $r    | rr     |rrr     |   r    |rrrr    | rr     |rrrr    | rrr    |rr r    | rrr    |rrrr    |
#|        |  r     |  rr    | rr     |  r     | rr     | rr     | rr     | rr     |  r     |rr      |r r     |rrr     | rr     |rrrr    | rrr    |
#|r       | L      |  $r    |  r     |        |        |        |        |        |        |  r     |  rr    |r rr    |r rr    |rrr     |rrr     |
#|        |        |        |        |        |        |        |        |        |        |        |        |        |        |        |        |
#|        |        |        |        |        |        |        |        |        |        |        |        |        |        |        |        |
#|        |        |        |        |        |        |        |        |        |        |        |        |        |        |        |        |
#|        |        |        |        |        |        |        |        |        |        |        |        |        |        |        |        |
#+--------+--------+--------+--------+--------+--------+--------+--------+--------+--------+--------+--------+--------+--------+--------+--------+
#| r      |        |        |        |r r     |   r    | r      | rr     |rrr     |r  r    |rr r    | rr     |rrr     | rrr    |rrr     | rr     |
#|  r     | AA     | rr     | rrr    | rrr    |   r    | rr     |rrr     |r  r    |rrrr    | rr     |rrrr    | rrr    |rr$r    |rr$r    |rrrr    |
#| r      | AA     |  rr    | rrr    |r r     | rr     | rr     | rr     | rr     |r r     |rrr     |r r     |rrrr    | rrr    |rrrr    |rrrr    |
#|r L     |        |   r    |  r     |        | r      |        |        |        |        |  r     |  rr    |r rr    |r rr    |rrr     |rrr     |
#|        |        |        |        |        |        |        |        |        |        |        |        |        |        |        |        |
#|        |        |        |        |        |        |        |        |        |        |        |        |        |        |        |        |
#|        |        |        |        |        |        |        |        |        |        |        |        |        |        |        |        |
#|        |        |        |        |        |        |        |        |        |        |        |        |        |        |        |        |
#+--------+--------+--------+--------+--------+--------+--------+--------+--------+--------+--------+--------+--------+--------+--------+--------+
#| rr     |        |        |  r     |r r     |r  r    | r      | rr     |rrr     |r $r    |rr r    | rr     |rrr     | rrr    |rrr$    | rr     |
#|  r     | rr     | rr     | rrr    |rrrr    |r $r    | rr     |rrr     |r  r    |rrrr    | rr     |rrrr    | rrr    |rr r    |rrrr    |rrrr    |
#| r      | rr     |rrrr    | rrr    |r r     | rr     |rrr     | rr     | rr     |rrr     |rrr     |r r     |rrrr    | rrr    |rrrr    |rrrr    |
#|r r     | rr     |   r    |  r     |        | r      |r       |r       | rr     | r      |r r     |r rr    |r rr    |r rr    |rrr     |rrr     |
#|        |        |        |        |        |        |        |        |        |        |        |        |        |        |        |        |
#|        |        |        |        |        |        |        |        |        |        |        |        |        |        |        |        |
#|        |        |        |        |        |        |        |        |        |        |        |        |        |        |        |        |
#|        |        |        |        |        |        |        |        |        |        |        |        |        |        |        |        |
#+--------+--------+--------+--------+--------+--------+--------+--------+--------+--------+--------+--------+--------+--------+--------+--------+
#|        |        |        |        |  r     |   r    | r      | r      |rrr     |r  r    |rr r    | rr     |rrr     | rrr    |rrr     | rr     |
#| T      |  r     |        |  r     | rrr    |   r    | rr     |rrr     |   r    |rrrr    | rr     |rrrr    | rrr    |rr r    |$rrr    |rrrr    |
#|        |  r     |  rr    | rr     |  r     | rr     | rr     | rr     | rr     |  r     |rr      |r r     |rrr     | rr     |rrrr    | rrr    |
#|r       |        |   r    |  r     |        |        |        |        |        |        |  r     |  rr    |r rr    |r rr    |rrr     |rrr     |
#|        |        |        |        |        |        |        |        |        |        |        |        |        |        |        |        |
#|        |        |        |        |        |        |        |        |        |        |        |        |        |        |        |        |
#|        |        |        |        |        |        |        |        |        |        |        |        |        |        |        |        |
#|        |        |        |        |        |        |        |        |        |        |        |        |        |        |        |        |
#+--------+--------+--------+--------+--------+--------+--------+--------+--------+--------+--------+--------+--------+--------+--------+--------+
#| r      |        |        |        |r r     |   r    | r      | rr     |rrr     |r  r    |rr r    | rr     |rrr     | rrr    |rrr     | rr     |
#|  r     | rr     | rr     | rrr    | rrr    |   r    | rr     |rrr     |r  r    |rrrr    | rr     |rrrr    | rrr    |rr r    |rrrr    |rrrr    |
#| r      | rr     |  rr    | rrr    |r r     | rr     | rr     | rr     | rr     |r r     |rrr     |r r     |rrrr    | rrr    |rrrr    |rrrr    |
#|r T     |        |   r    |  r     |        | r      |        |        |        |        |  r     |  rr    |r rr    |r rr    |rrr     |rrr     |
#|        |        |        |        |        |        |        |        |        |        |        |        |        |        |        |        |
#|        |        |        |        |        |        |        |        |        |        |        |        |        |        |        |        |
#|        |        |        |        |        |        |        |        |        |        |        |        |        |        |        |        |
#|        |        |        |        |        |        |        |        |        |        |        |        |        |        |        |        |
#+--------+--------+--------+--------+--------+--------+--------+--------+--------+--------+--------+--------+--------+--------+--------+--------+
#| rr     |        |        |  r     |r r     |r  r    | r      | rr     |rrr     |r  r    |rr r    | rr     |rrr     | rrr    |rrr     | rr     |
#|  r     | AA     | rr     | rrr    |rrrr    |r  r    | rr     |rrr     |r  r    |rrrr    | rr     |rrrr    | rrr    |rr r    |rrrr    |rrrr    |
#| r      | AA     |rrrr    | rrr    |r r     | rr     |rrr     | rr     | rr     |rrr     |rrr     |r r     |rrrr    | rrr    |rrrr    |rrrr    |
#|r r     | AA     |   r    |  r     |        | r      |r       |r       | rr     | r      |r r     |r rr    |r rr    |r rr    |rrr     |rrr     |
#|        |        |        |        |        |        |        |        |        |        |        |        |        |        |        |        |
#|        |        |        |        |        |        |        |        |        |        |        |        |        |        |        |        |
#|        |        |        |        |        |        |        |        |        |        |        |        |        |        |        |        |
#|        |        |        |        |        |        |        |        |        |        |        |        |        |        |        |        |
#+--------+--------+--------+--------+--------+--------+--------+--------+--------+--------+--------+--------+--------+--------+--------+--------+
#| T      |        |        |        |  r     |   r    | r      | r      |rrr     |r  r    |rr r    | rr     |rrr     | rrr    |rrr     | rr     |
#|        |  r     |        |  r     | rrr    |   r    | rr     |rrr     |   r    |rrrr    | rr     |rrrr    | rrr    |rr r    | rrr    |rrrr    |
#|        |  r     |  rr    | rr     |  r     | rr     | rr     | rr     | rr     |  r     |rr      |r r     |rrr     | rr     |rrrr    | rrr    |
#|r       |        |   r    |  r     |        |        |        |        |        |        |  r     |  rr    |r rr    |r rr    |rrr     |rrr     |
#|        |        |        |        |        |        |        |        |        |        |        |        |        |        |        |        |
#|        |        |        |        |        |        |        |        |        |        |        |        |        |        |        |        |
#|        |        |        |        |        |        |        |        |        |        |        |        |        |        |        |        |
#|        |        |        |        |        |        |        |        |        |        |        |        |        |        |        |        |
#+--------+--------+--------+--------+--------+--------+--------+--------+--------+--------+--------+--------+--------+--------+--------+--------+
#| r      |        |        |        |r r     |   r    | r      | rr     |rrr     |r  r    |rr r    | rr     |rrr     | rrr    |rrr     | rr     |
#|T r     | rr     | rr     | rrr    | rrr    |   r    | rr     |rrr     |r  r    |rrrr    | rr     |rrrr    | rrr    |rr r    |rrrr    |rrrr    |
#| r      | rr     |  rr    | rrr    |r r     | rr     | rr     | rr     | rr     |r r     |rrr     |r r     |rrrr    | rrr    |rrrr    |rrrr    |
#|r       |        |   r    |  r     |        | r      |        |        |        |        |  r     |  rr    |r rr    |r rr    |rrr     |rrr     |
#|        |        |        |        |        |        |        |        |        |        |        |        |        |        |        |        |
#|        |        |        |        |        |        |        |        |        |        |        |        |        |        |        |        |
#|        |        |        |        |        |        |        |        |        |        |        |        |        |        |        |        |
#|        |        |        |        |        |        |        |        |        |        |        |        |        |        |        |        |
#+--------+--------+--------+--------+--------+--------+--------+--------+--------+--------+--------+--------+--------+--------+--------+--------+
#| rr     |        |        |  r     |r r     |r  r    | r      | rr     |rrr     |r  r    |rr r    | rr     |rrr     | rrr    |rrr     | rr     |
#| Lr     | rr     | rr     | rrr    |rrrr    |r  r    | rr     |rrr     |r  r    |rrrr    | rr     |rrrr    | rrr    |rr r    |rrrr    |rrrr    |
#| r      | rr     |rrrr    | rrr    |r r     | rr     |rrr     | rr     | rr     |rrr     |rrr     |r r     |rrrr    | rrr    |rrrr    |rrrr    |
#|r r     | rr     |   r    |  r     |        | r      |r       |r       | rr     | r      |r r     |r rr    |r rr    |r rr    |rrr     |rrr     |
#|        |        |        |        |        |        |        |        |        |        |        |        |        |        |        |        |
#|        |        |        |        |        |        |        |        |        |        |        |        |        |        |        |        |
#|        |        |        |        |        |        |        |        |        |        |        |        |        |        |        |        |
#|        |        |        |        |        |        |        |        |        |        |        |        |        |        |        |        |
#+--------+--------+--------+--------+--------+--------+--------+--------+--------+--------+--------+--------+--------+--------+--------+--------+
#|        |        |        |        |  r     |   r    | r      | r      |rrr     |r  r    |rr r    | rr     |rrr     | rrr    |rrr     |Lrr     |
#|        |  r     |        |  r     | rrr    |   r    | rr     |rrr     |   r    |rrrr    | rr     |rrrr    | rrr    |rr r    | rrr    |rrrr    |
#|        |  r     |  rr    | rr     |  r     | rr     | rr     | rr     | rr     |  r     |rr      |r r     |rrr     | rr     |rrrr    | rrr    |
#|r       |        |   r    |  r     |        |        |        |        |        |        |  r     |  rr    |r rr    |r rr    |rrr     |rrr     |
#|        |        |        |        |        |        |        |        |        |        |        |        |        |        |        |        |
#|        |        |        |        |        |        |        |        |        |        |        |        |        |        |        |        |
#|        |        |        |        |        |        |        |        |        |        |        |        |        |        |        |        |
#|        |        |        |        |        |        |        |        |        |        |        |        |        |        |        |        |
#+--------+--------+--------+--------+--------+--------+--------+--------+--------+--------+--------+--------+--------+--------+--------+--------+
#| r      |        |        |        |r r     |   r    | r      | rr     |rrr     |r  r    |rr r    | rr     |rrr     | rrr    |rrr     | rr     |
#|  r     | rr     | rr     | rrr    | rrr    |   r    | rr     |rrr     |r  r    |rrrr    | rr     |rrrr    | rrr    |rr r    |rrrr    |rrrr    |
#| r      | rr     |  rr    | rrr    |r r     | rr     | rr     | rr     | rr     |r r     |rrr     |r r     |rrrr    | rrr    |rrrr    |rrrr    |
#|r       |        |   r    |  r     |        | r      |        |        |        |        |  r     |  rr    |r rr    |r rr    |rrr     |rrr     |
#|        |        |        |        |        |        |        |        |        |        |        |        |        |        |        |        |
#|        |        |        |        |        |        |        |        |        |        |        |        |        |        |        |        |
#|        |        |        |        |        |        |        |        |        |        |        |        |        |        |        |        |
#|        |        |        |        |        |        |        |        |        |        |        |        |        |        |        |        |
#+--------+--------+--------+--------+--------+--------+--------+--------+--------+--------+--------+--------+--------+--------+--------+--------+
#| rr     | L      |        |  r     |r r     |r  r    | r      | rr     |rrr     |r  r    |rr r    | rr     |rrr     | rrr    |rrr     |Lrr     |
#|  r     | rr     | rr     | rrr    |rrrr    |r  r    | rr     |rrr     |r  r    |rrrr    | rr     |rrrr    | rrr    |rr r    |rrrr    |rrrr    |
#| rT     | rr     |rrrr    | rrr    |r r     | rr     |rrr     | rr     | rr     |rrr     |rrr     |r r     |rrrr    | rrr    |rrrr    |rrrr    |
#|r r     | rr     |   r    |  r     |        | r      |r       |r       | rr     | r      |r r     |r rr    |r rr    |r rr    |rrr     |rrr     |
#|        |        |        |        |        |        |        |        |        |        |        |        |        |        |        |        |
#|        |        |        |        |        |        |        |        |        |        |        |        |        |        |        |        |
#|        |        |        |        |        |        |        |        |        |        |        |        |        |        |        |        |
#|        |        |        |        |        |        |        |        |        |        |        |        |        |        |        |        |
#+--------+--------+--------+--------+--------+--------+--------+--------+--------+--------+--------+--------+--------+--------+--------+--------+
#|        |        |        |        |  r     |   r    | r      | r      |rrr     |r  r    |rr r    | rr     |rrr     | rrr    |rrr     | rr     |
#|        |  r     |        |  r     | rrr    |   r    | rr     |rrr     |   r    |rrrr    | rr     |rrrr    | rrr    |rr r    | rrr    |rrrr    |
#|        |  r     |  rr    | rr     |  r     | rr     | rr     | rr     | rr     |  r     |rr      |r r     |rrr     | rr     |rrrr    | rrr    |
#|r       |        |   r    |  r     |        |        |        |        |        |        |  r     |  rr    |r rr    |r rr    |rrr     |rrr     |
#|        |        |        |        |        |        |        |        |        |        |        |        |        |        |        |        |
#|        |        |        |        |        |        |        |        |        |        |        |        |        |        |        |        |
#|        |        |        |        |        |        |        |        |        |        |        |        |        |        |        |        |
#|        |        |        |        |        |        |        |        |        |        |        |        |        |        |        |        |
#+--------+--------+--------+--------+--------+--------+--------+--------+--------+--------+--------+--------+--------+--------+--------+--------+
#| r      |        |        |        |r r     |   r    | r      | rr     |rrr     |r  r    |rr r    | rr     |rrr     | rrr    |rrr     | rr     |
#|  r     | rr     | rr     | rrr    | rrr    |   r    | rr     |rrr     |r  r    |rrrr    | rr     |rrrr    | rrr    |rr r    |rrrr    |rrrr    |
#| r      | rr     |  rr    | rAr    |r r     | rr     | rr     | rr     | rr     |r r     |rrr     |r r     |rrrr    | rrr    |rrrr    |rrrr    |
#|r T     |        |   r    | ArA    |        | r      |        |        |        |        |  r     |  rr    |r rr    |r rr    |rrr     |rrr     |
#|        |        |        |        |        |        |        |        |        |        |        |        |        |        |        |        |
#|        |        |        |        |        |        |        |        |        |        |        |        |        |        |        |        |
#|        |        |        |        |        |        |        |        |        |        |        |        |        |        |        |        |
#|        |        |        |        |        |        |        |        |        |        |        |        |        |        |        |        |
#+--------+--------+--------+--------+--------+--------+--------+--------+--------+--------+--------+--------+--------+--------+--------+--------+
#| rr     |        |        |  r     |r r     |r  r    | r      | rr     |rrr     |r  r    |rr r    | rr     |rrr     | rrr    |rrr     | rr     |
#|  r     | rr     | rr     | rrr    |rrrr    |r  r    | rr     |rrr     |r  r    |rrrr    | rr     |rrrr    | rrr    |rr r    |rrrr    |rrrr    |
#| r      | rr     |rrrr    | rrr    |r r     | rr     |rrr     | rr     | rr     |rrr     |rrr     |r r     |rrrr    | rrr    |rrrr    |rrrr    |
#|r r     | rr     |   r    |  r     |        | r      |r       |r       | rr     | r      |r r     |r rr    |r rr    |r rr    |rrr     |rrr     |
#|        |        |        |        |        |        |        |        |        |        |        |        |        |        |        |        |
#|        |        |        |        |        |        |        |        |        |        |        |        |        |        |        |        |
#|        |        |        |        |        |        |        |        |        |        |        |        |        |        |        |        |
#|        |        |        |        |        |        |        |        |        |        |        |        |        |        |        |        |
#+--------+--------+--------+--------+--------+--------+--------+--------+--------+--------+--------+--------+--------+--------+--------+--------+
#|        |        |        |        |  r     |   r    | r      | r      |rrr     |r  r    |rr r    | rr     |rrr     | rrr    |rrr     | rr     |
#|        |  r     |        |  r     | rrr    |   r    | rr     |rrr     |   r    |rrrr    | rr     |rrrr    | rrr    |rr r    | rrr    |rrrr    |
#|        |  r     |  rr    | rr     |  r     | rr     | rr     | rr     | rr     |  r     |rr      |r r     |rrr     | rr     |rrrr    | rrr    |
#|r       |        |   r    |  r     |        |        |        |        |        |        |  r     |  rr    |r rr    |r rr    |rrr     |rrr     |
#|        |        |        |        |        |        |        |        |        |        |        |        |        |        |        |        |
#|        |        |        |        |        |        |        |        |        |        |        |        |        |        |        |        |
#|        |        |        |        |        |        |        |        |        |        |        |        |        |        |        |        |
#|        |        |        |        |        |        |        |        |        |        |        |        |        |        |        |        |
#+--------+--------+--------+--------+--------+--------+--------+--------+--------+--------+--------+--------+--------+--------+--------+--------+
#| r      |        |        |        |r r     |   r    | r      | rr     |rrr     |r  r    |rr r    | rr     |rrr     | rrr    |rrr     | rr     |
#|  r     | rr     | rr     | AAA    | rrr    |   r    | rr     |rrr     |r  r    |rrrr    | rr     |rrrr    | rrr    |rr r    |rrrr    |rrrr    |
#| r      | rr     |  rr    | LLA    |r r     | rr     | rr     | rr     | rr     |r r     |rrr     |r r     |rrrr    | rrr    |rrrr    |rrrr    |
#|r       |        |   r    | AAA    |        | r      |        |        |        |        |  r     |  rr    |r rr    |r rr    |rrr     |rrr     |
#|        |        |        |        |        |        |        |        |        |        |        |        |        |        |        |        |
#|        |        |        |        |        |        |        |        |        |        |        |        |        |        |        |        |
#|        |        |        |        |        |        |        |        |        |        |        |        |        |        |        |        |
#|        |        |        |        |        |        |        |        |        |        |        |        |        |        |        |        |
#+--------+--------+--------+--------+--------+--------+--------+--------+--------+--------+--------+--------+--------+--------+--------+--------+
#| rr     |        |        |  r     |r r     |r  r    | r      | rr     |rrr     |r  r    |rr r    | rr     |rrr     | rrr    |rrr     | rr     |
#|  r     | rA     | rr     | rrr    |rrrr    |r  r    | rr     |rrr     |r  r    |rrrr    | rr     |rrrr    | rrr    |rr r    |rrrr    |rrrr    |
#| r      | Ar     |rrrr    | rrr    |r r     | rr     |rrr     | rr     | rr     |rrr     |rrr     |r r     |rrrr    | rrr    |rrrr    |rrrr    |
#|r r     | rA     |   r    |  r     |        | r      |r       |r       | rr     | r      |r r     |r rr    |r rr    |r rr    |rrr     |rrr     |
#|        |        |        |        |        |        |        |        |        |        |        |        |        |        |        |        |
#|        |        |        |        |        |        |        |        |        |        |        |        |        |        |        |        |
#|        |        |        |        |        |        |        |        |        |        |        |        |        |        |        |        |
#|        |        |        |        |        |        |        |        |        |        |        |        |        |        |        |        |
#+--------+--------+--------+--------+--------+--------+--------+--------+--------+--------+--------+--------+--------+--------+--------+--------+
#|xxxx    |xxxx    |xxxx    |        |  r     |   r    | r      | r      |        |r  r    |   r    |   r    |        |   r    |        |        |
#|x,,x    |xM,x    |xMMx    |  r     |   r    |        |        |        |   r    |        |        |        |   r    |   r    |   r    | $      |
#|x,$x    |x,$x    |xMMx    |        |  r     |   r    |        |  r     |   r    |  r     |        |  r     |        |        |        |        |
#|x,,x    |x,,x    |x,,x    |  r     |        |        |        |        |        |        |  r     |   r    |r       |r       |        |        |
#|        |        |        |        |        |        |        |        |        |        |        |        |        |        |        |        |
#|        |        |        |        |        |        |        |        |        |        |        |        |        |        |        |        |
#|        |        |        |        |        |        |        |        |        |        |        |        |        |        |        |        |
#|        |        |        |        |        |        |        |        |        |        |        |        |        |        |        |        |
#+--------+--------+--------+--------+--------+--------+--------+--------+--------+--------+--------+--------+--------+--------+--------+--------+
#|xxxx    |xxxx    |xxxx    |        |  r     |   r    | r      | r      |        |r  r    |   r    |   r    |        |   r    |        |        |
#|x,,x    |xM,,    |xMMx    |  r     |   r    |        |        |        |   r    |        |        |        |   r    |   r    |   r    | $      |
#|x,$x    |x,$x    |xMMx    |        |  r     |   r    |        |  r     |   r    |  r     |        |  r     |        |        |        |        |
#|x,xx    |xxxx    |x,,x    |  r     |        |        |        |        |        |        |  r     |   r    |r       |r       |        |        |
#|        |        |        |        |        |        |        |        |        |        |        |        |        |        |        |        |
#|        |        |        |        |        |        |        |        |        |        |        |        |        |        |        |        |
#|        |        |        |        |        |        |        |        |        |        |        |        |        |        |        |        |
#|        |        |        |        |        |        |        |        |        |        |        |        |        |        |        |        |
#+--------+--------+--------+--------+--------+--------+--------+--------+--------+--------+--------+--------+--------+--------+--------+--------+
#|xxxx    |xxxx    |xxxx    |        |  r     |   r    | r      | r      |        |r  r    |   r    |   r    |        |   r    |        |        |
#|xw,,    |xM,x    |xwwx    |  r     |   r    |        |        |        |   r    |        |        |        |   r    |   r    |   r    | $      |
#|x,$x    |x,$x    |xwwx    |        |  r     |   r    |        |  r     |   r    |  r     |        |  r     |        |        |        |        |
#|xxxx    |x,xx    |x,,x    |  r     |        |        |        |        |        |        |  r     |   r    |r       |r       |        |        |
#|        |        |        |        |        |        |        |        |        |        |        |        |        |        |        |        |
#|        |        |        |        |        |        |        |        |        |        |        |        |        |        |        |        |
#|        |        |        |        |        |        |        |        |        |        |        |        |        |        |        |        |
#|        |        |        |        |        |        |        |        |        |        |        |        |        |        |        |        |
#+--------+--------+--------+--------+--------+--------+--------+--------+--------+--------+--------+--------+--------+--------+--------+--------+
#|xxxx    |xxxx    |xxxx    |        |  r     |   r    | r      | r      |        |r  r    |   r    |   r    |        |   r    |        |        |
#|x,,,    |xM,,    |xwwx    |  r     |   r    |        |        |        |   r    |        |        |        |   r    |   r    |   r    | $      |
#|x,$x    |x,$x    |xwwx    |        |  r     |   r    |        |  r     |   r    |  r     |        |  r     |        |        |        |        |
#|xxxx    |x,xx    |x,xx    |  r     |        |        |        |        |        |        |  r     |   r    |r       |r       |        |        |
#|        |        |        |        |        |        |        |        |        |        |        |        |        |        |        |        |
#|        |        |        |        |        |        |        |        |        |        |        |        |        |        |        |        |
#|        |        |        |        |        |        |        |        |        |        |        |        |        |        |        |        |
#|        |        |        |        |        |        |        |        |        |        |        |        |        |        |        |        |
##--------+--------+--------+--------+--------+--------+--------+--------+--------+--------+--------+--------+--------+--------+--------+--------+
