:jigpieces
+-------------+
|             |
|             |
|             |
|             |
|             |
|             |
|             |
|             |
|             |
|             |
|             |
|             |
|             |
+-------------+
|xxDxxxDxxxDxx|
|x...........x|
|D...........D|
|x...........x|
|x...........x|
|x...........x|
|D...........D|
|x...........x|
|x...........x|
|x...........x|
|D...........D|
|x...........x|
|xxDxxxDxxxDxx|
+-------------+
|             |
| xDxxxDxxxDx |
| D.........D |
| x.........x |
| x.........x |
| x.........x |
| D.........D |
| x.........x |
| x.........x |
| x.........x |
| D.........D |
| xDxxxDxxxDx |
|             |
+-------------+
|             |
|             |
|  xxxxDxxxx  |
|  x.......x  |
|  x.......x  |
|  x.......x  |
|  D.......D  |
|  x.......x  |
|  x.......x  |
|  x.......x  |
|  xxxxDxxxx  |
|             |
|             |
+-------------+
|             |
|             |
|             |
|   xxxDxxx   |
|   x.....x   |
|   x.....x   |
|   D.....D   |
|   x.....x   |
|   x.....x   |
|   xxxDxxx   |
|             |
|             |
|             |
+-------------+
|  ,          |
|  ,          |
|,,,          |
|             |
|             |
|             |
|             |
|             |
|             |
|             |
|             |
|             |
|             |
+-------------+
|          ,  |
|          ,  |
|,,,,,,,,,,,  |
|             |
|             |
|             |
|             |
|             |
|             |
|             |
|             |
|             |
|             |
+-------------+
|      ,      |
|      ,      |
|      ,      |
|      ,      |
|      ,      |
|      ,      |
|,,,,,,,,,,,,,|
|          ,  |
|          ,  |
|          ,  |
|          ,  |
|          ,  |
|          ,  |
+-------------+
|      ,      |
|      ,      |
|      ,      |
|      ,      |
|      ,      |
|      ,      |
|,,,,,,,,,,,,,|
|      ,      |
|      ,      |
|      ,      |
|      ,      |
|      ,      |
|      ,      |
+-------------+
|      ,      |
|      ,      |
|      ,      |
|      ,      |
|      ,      |
|      ,      |
|,,,,,,,,,,,,,|
|             |
|             |
|             |
|             |
|             |
|             |
+-------------+
|      ,      |
|      ,      |
|      ,      |
|      ,      |
|      ,      |
|      ,      |
|,,,,,,,,,,,,,|
|          ,  |
|          ,  |
|          ,  |
|          ,,,|
|             |
|             |
+-------------+
|      ,      |
|      ,      |
|      ,      |
|      ,      |
|      ,      |
|      ,      |
|,,,,,,,      |
|             |
|             |
|             |
|             |
|             |
|             |
+-------------+
|      ,      |
|      ,      |
|,,,,,,,      |
|             |
|             |
|             |
|             |
|             |
|             |
|             |
|             |
|             |
|             |
+-------------+
|      ,      |
|      ,      |
|      ,      |
|      ,      |
|      ,      |
|      ,      |
|      ,      |
|      ,      |
|      ,      |
|      ,      |
|      ,      |
|      ,      |
|      ,      |
+-------------+
|  ,          |
|  ,          |
|  ,          |
|  ,          |
|  ,          |
|  ,          |
|  ,          |
|  ,          |
|  ,          |
|  ,          |
|  ,          |
|  ,          |
|  ,          |
#-------------+
:fragment
+-------------+
|   sssssss   |
|   xxxxxxs   |
|   .....xs   |
|   .....xs   |
|   .....xs   |
|   .....xs   |
|             |
|             |
|             |
|             |
|             |
|             |
|             |
#-------------+
:alternative
+-------------+-------------+-------------+-------------+-------------+-------------+-------------+-------------+
|             |             |             |    xxxxx    |             |     xxxxx   |             |    xxxxx    |
|   xx        |   xx        |   xx        |   xx...x    |   xx        |   xxx...x   |   xx        |   xx...x    |
|   .x        |   .x        |   .xxxxx    |   .x...x    |   .x xxx    |   ....xxx   |   .xxxxx    |   .....x    |
|   .x        |   .xx       |   .....x    |   .x...x    |   .x x.x    |   .xxxx     |   .....x    |   .....x    |
|   .xxxxxx   |   ..xxxxx   |   ....xxx   |   .x.xxxx   |   .xxx.xx   |   ..xxxxx   |   ....xxx   |   ...xxxx   |
|   .....xx   |   .....xx   |   .....xx   |   .....xx   |   .....xx   |   .....xx   |   .....xx   |   .....xx   |
|             |             |             |             |             |             |             |             |
|             |             |             |             |             |             |             |             |
|             |             |             |             |             |             |             |             |
|             |             |             |             |             |             |             |             |
|             |             |             |             |             |             |             |             |
|             |             |             |             |             |             |             |             |
|             |             |             |             |             |             |             |             |
#-------------+-------------+-------------+-------------+-------------+-------------+-------------+-------------+
:fragment
+-------------+
|   sssssss   |
|   xxxxxxs   |
|   .....xs   |
|   .....xs   |
|   .....xs   |
|   .....xs   |
|             |
|             |
|             |
|             |
|             |
|             |
|             |
#-------------+
:alternative
+-------------+-------------+-------------+-------------+-------------+-------------+-------------+-------------+
|     xxx     |      xxxx   |    xxxx     |      xxx    |             |             |             |             |
|   xxx..x    |   xx x..x   |   xx..x     |   xxx..xx   |   xxx       |   xx        |   xxxx      |   xx        |
|   .....xx   |   .x x..x   |   ...xx     |   ......x   |   ..xx      |   .x        |   ...xx     |   .xx       |
|   ......x   |   .x x..x   |   ....xx    |   .....xx   |   ...xx     |   .x        |   ....xx    |   ..xxx     |
|   ......x   |   .xxx.xx   |   .....x    |   .....x    |   ....xx    |   .xxxxx    |   .....x    |   .....x    |
|   .....xx   |   .....x    |   .....x    |   .....x    |   .....x    |   .....x    |   .....x    |   .....x    |
|             |             |             |             |             |             |             |             |
|             |             |             |             |             |             |             |             |
|             |             |             |             |             |             |             |             |
|             |             |             |             |             |             |             |             |
|             |             |             |             |             |             |             |             |
|             |             |             |             |             |             |             |             |
|             |             |             |             |             |             |             |             |
#-------------+-------------+-------------+-------------+-------------+-------------+-------------+-------------+
:fragment
+-------------+
|    ssssss   |
|    xxxxxs   |
|    ....xs   |
|    ....xs   |
|    ....xs   |
|             |
|             |
|             |
|             |
|             |
|             |
|             |
|             |
#-------------+
:alternative
+-------------+-------------+-------------+-------------+
|             |    xxxxx    |             |     xxx     |
|    xx       |    xx..x    |    xx       |    xx.xx    |
|    .x       |    .x..x    |    .xx      |    ....x    |
|    .xxxx    |    .x.xx    |    ..xxx    |    ...xx    |
|    ....x    |    ....x    |    ....x    |    ....x    |
|             |             |             |             |
|             |             |             |             |
|             |             |             |             |
|             |             |             |             |
|             |             |             |             |
|             |             |             |             |
|             |             |             |             |
|             |             |             |             |
#-------------+-------------+-------------+-------------+
:fragment
+-------------+
|     sssss   |
|     xxxxs   |
|     ...xs   |
|     ...xs   |
|             |
|             |
|             |
|             |
|             |
|             |
|             |
|             |
|             |
#-------------+
:alternative
+-------------+-------------+-------------+-------------+
|             |      xxxx   |      xxx    |      xxxx   |
|     xx      |     xx..x   |     xx.x    |     xx..x   |
|     .xxx    |     .x.xx   |     .x.x    |     ...xx   |
|     ...x    |     ...x    |     ...x    |     ...x    |
|             |             |             |             |
|             |             |             |             |
|             |             |             |             |
|             |             |             |             |
|             |             |             |             |
|             |             |             |             |
|             |             |             |             |
|             |             |             |             |
|             |             |             |             |
#-------------+-------------+-------------+-------------+
:fragment
+-------------+
|    sssss    |
|    xxxxx    |
|    .....    |
|    .....    |
|    .....    |
|    .....    |
|    .....    |
|             |
|             |
|             |
|             |
|             |
|             |
#-------------+
:alternative
+-------------+-------------+-------------+-------------+-------------+-------------+-------------+-------------+
|             |             |             |     xxx     |             |             |             |     xxx     |
|    xxxxx    |    xx xx    |    xxxxx    |    xx.xx    |    xxxxx    |    xx xx    |    xxxxx    |    xxxxx    |
|    ..x..    |    .x x.    |    ..x..    |    .....    |    ..x..    |    .xxx.    |    .....    |    .x.x.    |
|    ..x..    |    .x x.    |    ..x..    |    .x.x.    |    ..x..    |    .....    |    ..x..    |    .x.x.    |
|    ..x..    |    .x x.    |    ..x..    |    .....    |    ..x..    |    .xxx.    |    .xxx.    |    .x.x.    |
|    ..x..    |    .xxx.    |    ..x..    |    .x.x.    |    ..x..    |    .....    |    ..x..    |    .xxx.    |
|    .....    |    .....    |    .....    |    .....    |    .....    |    .....    |    .....    |    .....    |
|             |             |             |             |             |             |             |             |
|             |             |             |             |             |             |             |             |
|             |             |             |             |             |             |             |             |
|             |             |             |             |             |             |             |             |
|             |             |             |             |             |             |             |             |
|             |             |             |             |             |             |             |             |
#-------------+-------------+-------------+-------------+-------------+-------------+-------------+-------------+
:fragment
+-------------+
|   sssssss   |
|   xxxxxxs   |
|   .......   |
|   .......   |
|             |
|             |
|             |
|             |
|             |
|             |
|             |
|             |
|             |
#-------------+
:alternative
+-------------+-------------+-------------+-------------+-------------+-------------+-------------+-------------+
|             |    xxxxx    |      xxx    |    xxxxx    |             |   xxx xxx   |      xxx    |    xxxxx    |
|   xx   xx   |   xx...xx   |   xxxx.xx   |   xx.x.xx   |   xxxxxxx   |   x.xxx.x   |   xx x.xx   |   xx...xx   |
|   .xxxxx.   |   .......   |   .x...x.   |   ...x...   |   .x.x.x.   |   .......   |   .xxx...   |   ...x...   |
|   .......   |   .......   |   .......   |   .......   |   .......   |   .......   |   .......   |   .......   |
|             |             |             |             |             |             |             |             |
|             |             |             |             |             |             |             |             |
|             |             |             |             |             |             |             |             |
|             |             |             |             |             |             |             |             |
|             |             |             |             |             |             |             |             |
|             |             |             |             |             |             |             |             |
|             |             |             |             |             |             |             |             |
|             |             |             |             |             |             |             |             |
|             |             |             |             |             |             |             |             |
#-------------+-------------+-------------+-------------+-------------+-------------+-------------+-------------+
:fragment
+-------------+
|    sssss    |
|    xxxxx    |
|    .....    |
|    .....    |
|             |
|             |
|             |
|             |
|             |
|             |
|             |
|             |
|             |
#-------------+
:alternative
+-------------+-------------+-------------+-------------+
|             |     xxx     |     xxx     |     xxx     |
|    xx xx    |    xx.xx    |    xx.xx    |    xx.xx    |
|    .xxx.    |    .x.x.    |    .x.x.    |    .....    |
|    .....    |    .....    |    .....    |    .....    |
|             |             |             |             |
|             |             |             |             |
|             |             |             |             |
|             |             |             |             |
|             |             |             |             |
|             |             |             |             |
|             |             |             |             |
|             |             |             |             |
|             |             |             |             |
#-------------+-------------+-------------+-------------+
:fragment
+-------------+
|     ,s      |
|     ,s      |
|     ,s      |
|  ,,,,s      |
|  sssss      |
|             |
|             |
|             |
|             |
|             |
|             |
|             |
|             |
#-------------+
:alternative
+-------------+
|     ,       |
|    ,,       |
|   ,,        |
|  ,,         |
|             |
|             |
|             |
|             |
|             |
|             |
|             |
|             |
|             |
#-------------+
:fragment
+-------------+
|sssss,sssssss|
|sssss,sssssss|
|sssss,sssssss|
|sssss,sssssss|
|sssss,sssssss|
|sssss,sssssss|
|sssss,sssssss|
|sssss,sssssss|
|sssss,sssssss|
|sssss,sssssss|
|             |
|             |
|             |
#-------------+
:alternative
+-------------+-------------+-------------+-------------+-------------+-------------+-------------+-------------+
|     ,       |     ,       |     ,       |     ,       |     ,       |     ,       |     ,       |     ,       |
|     ,,,,,,,,|     ,,      |     ,,,,,,,,|,,   ,,      |  ,,,,,,,,,,,|     ,,      |     ,,,,,,,,|     ,,      |
|            ,|      ,,     |        S   ,| ,    ,,,    |  ,         ,|      ,,     |        S   ,|      ,,     |
|            ,|       ,,    |        ,   ,| ,    , ,    |  ,         ,|       ,,    |        ,   ,|      ,,     |
|            ,|        ,,   |        ,   ,| S,,,S, ,,   |  ,         ,|        ,,   |        ,   ,|     ,,      |
|            ,|        ,,   |        ,   ,| ,    , ,,   |  ,,,,,,,,,,,|        ,,   |        ,   ,|    ,,       |
|            ,|       ,,    |        ,   ,| ,    ,,,    |            ,|       ,,    |        ,   ,|   ,,,       |
|            ,|      ,,     |        S   ,| ,    ,,     |            ,|      ,,     |        S   ,|   ,,        |
|     ,,,,,,,,|     ,,      |     ,,,,,,,,|     ,,      |     ,,,,,,,,|     ,,      |     ,,,,,,,,|   ,,,       |
|     ,       |     ,       |     ,       |     ,       |     ,       |     ,       |     ,       |     ,       |
|             |             |             |             |             |             |             |             |
|             |             |             |             |             |             |             |             |
|             |             |             |             |             |             |             |             |
#-------------+-------------+-------------+-------------+-------------+-------------+-------------+-------------+
:fragment
+-------------+
|    s,s      |
|    s,s      |
|    s,s      |
|    s,s      |
|    s,s      |
|             |
|             |
|             |
|             |
|             |
|             |
|             |
|             |
#-------------+
:alternative
+-------------+
|     ,       |
|    ,,       |
|    ,        |
|    ,,       |
|     ,       |
|             |
|             |
|             |
|             |
|             |
|             |
|             |
|             |
#-------------+
:fragment
+-------------+
|    s,s      |
|    s,s      |
|    s,s      |
|  sss,s      |
|  ,,,,s      |
|  sssss      |
|             |
|             |
|             |
|             |
|             |
|             |
|             |
#-------------+
:alternative
+-------------+-------------+
|     ,       |     ,       |
|   ,,,       |    ,,       |
|   , ,       |    ,,       |
|   , ,       |   ,,        |
|  ,,,,       |  ,,         |
|             |             |
|             |             |
|             |             |
|             |             |
|             |             |
|             |             |
|             |             |
|             |             |
#-------------+-------------+
:fragment
+-------------+
|.xsssssssssx.|
|.xsssssssssx.|
|.xsssssssssx.|
|             |
|             |
|             |
|             |
|             |
|             |
|             |
|             |
|             |
|             |
#-------------+
:alternative
+-------------+
|.xxxxxxxxxxx.|
|.S...$.....S.|
|.xxxxxxxxxxx.|
|             |
|             |
|             |
|             |
|             |
|             |
|             |
|             |
|             |
|             |
#-------------+
:fragment
+-------------+
| ,sssssssss, |
| ,sssssssss, |
| ,sssssssss, |
|             |
|             |
|             |
|             |
|             |
|             |
|             |
|             |
|             |
|             |
#-------------+
:alternative
+-------------+
| ,         , |
| ,S,,,,$,,S, |
| ,         , |
|             |
|             |
|             |
|             |
|             |
|             |
|             |
|             |
|             |
|             |
#-------------+
:fragment
+-------------+
|   .xssssx.  |
|   .xssssx.  |
|   .xssssx.  |
|             |
|             |
|             |
|             |
|             |
|             |
|             |
|             |
|             |
|             |
#-------------+
:alternative
+-------------+
|   .xxxxxx.  |
|   .S.$..S.  |
|   .xxxxxx.  |
|             |
|             |
|             |
|             |
|             |
|             |
|             |
|             |
|             |
|             |
#-------------+
:fragment
+-------------+
|   .xsssx.   |
|   .xsssx.   |
|   .xsssx.   |
|             |
|             |
|             |
|             |
|             |
|             |
|             |
|             |
|             |
|             |
#-------------+
:alternative
+-------------+-------------+
|   .xxxxx.   |   .xxxxx.   |
|   .S.$.S.   |   .S!$!S.   |
|   .xxxxx.   |   .xxxxx.   |
|             |             |
|             |             |
|             |             |
|             |             |
|             |             |
|             |             |
|             |             |
|             |             |
|             |             |
|             |             |
#-------------+-------------+
:fragment
+-------------+
|   .xx.      |
|   .xx.      |
|   .xx.      |
|   .xx.      |
|   .xx.      |
|             |
|             |
|             |
|             |
|             |
|             |
|             |
|             |
#-------------+
:alternative
+-------------+-------------+-------------+-------------+
|   .xx.      |   .xx.      |   .xx.      |   .xx.      |
|   .xx.      |   ....      |   .xx.      |   .SS.      |
|   ....      |   ....      |   .SS.      |   .SS.      |
|   .xx.      |   ....      |   .xx.      |   .SS.      |
|   .xx.      |   .xx.      |   .xx.      |   .xx.      |
|             |             |             |             |
|             |             |             |             |
|             |             |             |             |
|             |             |             |             |
|             |             |             |             |
|             |             |             |             |
|             |             |             |             |
|             |             |             |             |
#-------------+-------------+-------------+-------------+
:fragment
+-------------+
|   .xsx.     |
|   .xsx.     |
|   .xsx.     |
|             |
|             |
|             |
|             |
|             |
|             |
|             |
|             |
|             |
|             |
#-------------+
:alternative
+-------------+-------------+
|   .xxx.     |   .xxx.     |
|   .S.S.     |   .S$S.     |
|   .xxx.     |   .xxx.     |
|             |             |
|             |             |
|             |             |
|             |             |
|             |             |
|             |             |
|             |             |
|             |             |
|             |             |
|             |             |
#-------------+-------------+
:fragment
+-------------+
|    xDx      |
|   .....     |
|   .....     |
|             |
|             |
|             |
|             |
|             |
|             |
|             |
|             |
|             |
|             |
#-------------+
:alternative
+-------------+-------------+-------------+-------------+
|    x,x      |    x,x      |    x,x      |    x,x      |
|   .x,x.     |   .x,x.     |   .x,x.     |   .xDx.     |
|   .xDx.     |   .xSx.     |   .x,x.     |   ..!..     |
|             |             |             |             |
|             |             |             |             |
|             |             |             |             |
|             |             |             |             |
|             |             |             |             |
|             |             |             |             |
|             |             |             |             |
|             |             |             |             |
|             |             |             |             |
|             |             |             |             |
#-------------+-------------+-------------+-------------+
:fragment
+-------------+
|    xxx      |
|    x.x      |
|    xxx      |
|             |
|             |
|             |
|             |
|             |
|             |
|             |
|             |
|             |
|             |
#-------------+
:alternative
+-------------+-------------+-------------+-------------+-------------+-------------+-------------+-------------+
|    xxx      |    xxx      |    xxx      |    xxx      |    xxx      |    xxx      |    xxx      |    xxx      |
|    x$x      |    x.x      |    x$x      |    x.x      |    x$x      |    x.x      |    xfx      |    x.x      |
|    xxx      |    xxx      |    xxx      |    xxx      |    xxx      |    xxx      |    xxx      |    xxx      |
|             |             |             |             |             |             |             |             |
|             |             |             |             |             |             |             |             |
|             |             |             |             |             |             |             |             |
|             |             |             |             |             |             |             |             |
|             |             |             |             |             |             |             |             |
|             |             |             |             |             |             |             |             |
|             |             |             |             |             |             |             |             |
|             |             |             |             |             |             |             |             |
|             |             |             |             |             |             |             |             |
|             |             |             |             |             |             |             |             |
#-------------+-------------+-------------+-------------+-------------+-------------+-------------+-------------+
