:jigpieces
:reset
:vert-flip
:horiz-flip
:rotatable
+-------------+
|             |
|             |
|             |
|             |
|             |
|             |
|             |
|             |
|             |
|             |
|             |
|             |
|             |
#-------------+
:reset
:horiz-flip
+-------------+-------------+-------------+-------------+-------------+
|xxxxxxHxxxxxx|xxxxxxHxxxxxx|xxxxxxHxxxxxx|xxxxxxHxxxxxx|xxxxxxHxxxxxx|
|x.....H.....x|x.....H.....x|x.....H.....x|x.....H.....x|x.....H.....x|
|x.....H.....x|x.....H.....x|x.....xx...mx|x.....H.....x|xxxx........x|
|x.....H.....x|x.....H.....x|x..........xx|x.....H.....x|x...xx....xxx|
|x.....H.....x|x.....H.....x|x.......xx..x|xHxxxxTxxxxHx|x.......xx..x|
|x.....x.....x|x.....H.....x|x....xx.....x|xHx.......xHx|x.....xx....x|
|...x.....x...|......H......|...........H.|.Hx.m....$xH.|.............|
|xx.........xx|xxxxxxHxxxxxx|xxxxxxxxxxxHx|xxxxxxHxxxxxx|xxxxx.......x|
|x..x........x|x.....H.....x|x....xxx...Hx|x.....H.....x|x....xx.....x|
|x.....x.....x|x.....H.....x|x....xxx...Hx|x.....H.....x|x......xx...x|
|x........x..x|x.....H.....x|x....x.....Hx|x.....H.....x|x.......xx..x|
|x.....H...m.x|x.....H.....x|x.$..x...m.Hx|x..m..H.....x|x.....H.....x|
|xxxxxxHxxxxxx|xxxxxxHxxxxxx|xxxxxx.xxxxxx|xxxxxxHxxxxxx|xxxxxxHxxxxxx|
+-------------+-------------+-------------+-------------+-------------+
|xxxxxx.xxxxxx|xxxxxx.xxxxxx|xxxxxx.xxxxxx|xxxxxx.xxxxxx|xxxxxxHxxxxxx|
|xx..xx....H.x|xxxxxx....H.x|xxxxxx......x|x.xxxx..m.H.x|x.....H.....x|
|xx$.xx.m..H.x|xxxxxx...mH.x|xxxxxxxx....x|x..xxxxxxxH.x|x........H..x|
|xxxxxxxxxxHxx|xxxxxxxxxxH.x|xxxxxx....xxx|xx..xx....H.x|x.xTTTTxxHxxx|
|xxxx......H.x|xxxxxxxx..H.x|xxxxxxx.....x|xx..xx.H..H.x|x.x....x.H..x|
|xx........H.x|xxxx......H.x|xx....xxx...x|xxx.xx.Hxxxxx|x.x....x.H..x|
|x$..m.....H..|x.........H..|x..m.........|xx..xx.H.....|x.x....x.H...|
|xxxxx..xxxxxx|xxx.xxxxxxxxx|x.xxxxxxTTTTx|x...xx.H.xTTx|x.x....x.xTTx|
|x......xxxxxx|xx...xxxxxxxx|x.xxxxxx...xx|xTTTxxxxxx..x|x.x....x.x..x|
|x.xxxxxxxxxxx|xx...xxxxxxxx|x.xxx$......x|x...xxH....mx|x.xLLLLx.xm.x|
|x.xxxxxxxxxxx|xx....xxxxxxx|x...xxxx....x|x...xxHxxxxxx|x.xxxxxxxxxxx|
|x.m....xxxxxx|x........m..x|x..m...xLLLLx|x..$xxH...m.x|x...........x|
|xxxxxx.xxxxxx|xxxxxx.xxxxxx|xxxxxx.xxxxxx|xxxxxxHxxxxxx|xxxxxx.xxxxxx|
+-------------+-------------+-------------+-------------+-------------+
|xxxxxxxxxxxxx|xxxxxxxxxxxxx|xxxxxxxxxxxxx|xxxxxxxxxxxxx|xxxxxxxxxxxxx|
|x$.......m..x|x..m..H.....x|xH..m......Hx|xxxxxxxxxxxxx|x$..........x|
|xxxxxxxxxxxTx|xxxxxxHxxTTTx|xHxxxxxxxxxHx|xxxxxxxxxxxxx|xxx..xx.....x|
|xxxxx...xxxTx|xxxxx.H.xm.$x|xHxxxxxx.$xHx|xxxxxxxxxxxxx|x........m..x|
|xxx.......xTx|xxx...H.xxxxx|xH....HxxxxHx|xxxxxxxxxxxxx|x..xx...xxx.x|
|xx..........x|x.....H.....x|xxxxxxHx...Hx|xx.........xx|x.....x.....x|
|.....H..H....|........m....|......HxH..H.|......H......|...xx...x..H.|
|xxxxxH..Hxxxx|xTTTTx.xxxxxx|xxxxxxxxHxxxx|xxxxxxHxxxxxx|xx........xHx|
|x....H..H...x|x....x.x....x|xxxxxxx.H...x|xxxxxxHxxxxxx|xx........xHx|
|x....xxxH...x|x....x.x....x|xxxxx...H...x|x.....H.....x|xxLLLLLLLLxHx|
|x...........x|x....x.x....x|xxx.....H...x|x.....H.....x|xxxxxxxxxxxHx|
|x..m..H..m..x|xLLLLx.xWWWWx|x..m....H.m.x|x...m.H.m...x|x..........Hx|
|xxxxxxHxxxxxx|xxxxxx.xxxxxx|xxxxxx.xxxxxx|xxxxxxHxxxxxx|xxxxxx.xxxxxx|
+-------------+-------------+-------------+-------------+-------------+
|xxxxxxHxxxxxx|xxxxxxHxxxxxx|xxxxxxHxxxxxx|xxxxxxHxxxxxx|xxxxxxHxxxxxx|
|x.....H.....x|x.....H.....x|x.....H.....x|x.....H.....x|x.....H.....x|
|x.....H.....x|x...HxxxH...x|x.m...H...$.x|x.....H.x...x|x.m...H.....x|
|x.....H.....x|x...H...H...x|xxxx..H..xxxx|x..x..H.....x|xxxxxxxx....x|
|x.....H.....x|x...H...H...x|x.....H.....x|x.....H...x.x|x..x..x....xx|
|x.....H.....x|x...H...H...x|x...........x|x.x...H.....x|x........xxxx|
|......H......|....H...H....|...x.....x...|.........m...|.............|
|x.......H...x|x...H...H...x|x.....x.....x|x..x..x..x..x|xTxTxTxTxTxTx|
|x...xxxxH...x|x...H...H...x|x.....x.....x|x...........x|x.....x.....x|
|x.......H...x|x..xxxxxxx..x|x.....x.....x|xWWWWWWWWWWWx|x.....x.....x|
|x.......H...x|x...........x|x.....x.....x|xWWxxxxxxxWWx|x.....x.....x|
|x....m..H...x|x.m.........x|xLLLLLxLLLLLx|xWWx$....xWWx|xLLLLLxWWWWWx|
|xxxxxxxxxxxxx|xxxxxxxxxxxxx|xxxxxxxxxxxxx|xxxxxxxxxxxxx|xxxxxxxxxxxxx|
+-------------+-------------+-------------+-------------+-------------+
|xxxxxxHxxxxxx|xxxxxxHxxxxxx|xxxxxxHxxxxxx|xxxxxxHxxxxxx|xxxxxxHxxxxxx|
|xH....H.....x|x.....H.....x|x.....H.....x|x.....H.....x|x....mH.....x|
|xH....H...m.x|x.....H.....x|x$m...H..H..x|xHxxxxx....mx|x....xxx.H..x|
|xHxxxxxxxxxxx|x$m...H...H.x|xxxxTTxxxHx.x|xH........xxx|x..H.....H..x|
|xH...H......x|xxxxTxxxxxH.x|x........H..x|xH.m........x|x..H....xxx.x|
|xxTTTH.xx...x|xLLx..m.x.H.x|xH...m.....Hx|xTxxxxxxxH..x|x.xxx.......x|
|xH...H.....Hx|xxxxxxxxx.H.x|xHxxTTxxxxxHx|x.x.....xH..x|x......H....x|
|xHx..xx..xxHx|x.........H.x|xH.........Hx|x.xLLLLLxH..x|x......Hm...x|
|xH.........Hx|x.H.......H.x|xH....H..m.Hx|x.xxxxxxxH..x|x.H...xxx...x|
|xxx..x.....Hx|xTHTxxxxTTxxx|xTTxxxHxxxxxx|x.....H..H..x|x.H.........x|
|xx...xH....Hx|x.H....x....x|x....xH.....x|x.x...HxxxxTx|xxxx........x|
|xLLLLxHxLLxHx|x.H...HxLLLLx|xLLLLxH..m.$x|x.....Hx..$.x|x.........m.x|
|xxxxxxHxxxxxx|xxxxxxHxxxxxx|xxxxxxHxxxxxx|xLLLLxHxxxxxx|xxxxxx.xxxxxx|
+-------------+-------------+-------------+-------------+-------------+
|xxxxxxxxxxxxx|xxxxxxxxxxxxx|xxxxxxxxxxxxx|xxxxxxxxxxxxx|xxxxxxxxxxxxx|
|x...........x|x$..........x|x...........x|x...........x|x...........x|
|x..H.....H..x|xxx.........x|x.....x.....x|x...H......$x|x....H...H..x|
|x..HxxTxxH..x|x........x..x|x........x..x|xxx.H...xxTxx|x....HxxxH..x|
|x..Hx...xH..x|x....x......x|x..x........x|x...H.x.....x|x....H...H..x|
|x..H.....H..x|x.x.....x...x|x.......x...x|x...H.xx....x|x....H...H..x|
|...H.....H...|.............|.............|....H.xxx....|.....H...H...|
|xTxxx...xxxTx|xxxxxxxxxxx.x|xTxxxxx.....x|xxT..xx.xxTxx|x...xxTTTxxxx|
|x.x..m....x.x|x.......x$..x|x.....xxxxxxx|xx...x.$....x|xxTxx.......x|
|x.xxxxxxxxx.x|x.......xxTxx|x...........x|x....xxx....x|x...x.......x|
|x...........x|x...........x|x...........x|x...........x|x...x.......x|
|x...m.......x|x..m........x|x......m....x|x..m....m...x|x.m.xLLLLLLLx|
|xxxxxxxxxxxxx|xxxxxxxxxxxxx|xxxxxxxxxxxxx|xxxxxxxxxxxxx|xxxxxxxxxxxxx|
+-------------+-------------+-------------+-------------+-------------+
|xxxxxxxxxxxxx|xxxxxxxxxxxxx|xxxxxxxxxxxxx|xxxxxxxxxxxxx|xxxxxxxxxxxxx|
|x...........x|xxxxxxxxxx.xx|xx.........$x|x...........x|xxxxxxxxxxxxx|
|x.$.x.......x|x.x.xxxxx...x|x........xTxx|x...........x|x....xxxxxxxx|
|xxxxx......xx|x.x..xxx....x|x.....xxx...x|x.......xxxxx|x.......xxxxx|
|xxxxx...x...x|x.....x.....x|xxx.........x|x.......x...x|x.........xxx|
|x...........x|x...........x|x..xxxx....xx|xxxxxxxxx...x|x...........x|
|...........$x|...........$x|.........xTxx|............x|....xxxxxx..x|
|x..TxxT...xxx|x..xTTx..Txxx|x.......xx.xx|xxxxxxxxx...x|xxHxxxxxxx..x|
|x....x......x|x...........x|x.......xx..x|xxxxxxxx....x|x.H.........x|
|x....xTTx...x|x.....x...xxx|xxx....xx...x|xxxxxxx....xx|x.H........xx|
|x.......x...x|x.....x...xxx|xxx...xxx...x|x...........x|x...........x|
|x.....m.xLxLx|x....mxLLLxxx|x....xxxxLLLx|x$....m.....x|x..m...m....x|
|xxxxxxxxxxxxx|xxxxxxxxxxxxx|xxxxxxxxxxxxx|xxxxxxxxxxxxx|xxxxxxxxxxxxx|
+-------------+-------------+-------------+-------------+-------------+
|xxxxxxHxxxxxx|xxxxxxHxxxxxx|xxxxxxHxxxxxx|xxxxxx.xxxxxx|xxxxxxHxxxxxx|
|x.m...H....$x|x.....H.....x|x.....H.....x|xxxxxx.xxxxxx|x...x.H.....x|
|xxxxxxxxxTTTx|x.....H.....x|x.....H.....x|xxxx....x.xxx|x...x.H..m.Hx|
|x...........x|x.....H.....x|x.........m.x|xx.x......xxx|x$..x.xxxxxHx|
|x.....x.....x|x...........x|xxxxxxxxxxxxx|xx...m.....xx|xxxxx......Hx|
|xx..........x|x...x.......x|x.....x.....x|xTxxxxxxxxxTx|x......m...Hx|
|x.........x.x|x......xxxxxx|x.....x.....x|x.xxxxxxxxx.x|xTTxxxxxxxxxx|
|x...x.......x|xx.....x....x|x...m.x..m..x|x.xx..$..xx.x|x..x........x|
|x...........x|x...........x|xxxxxxxxxxxxx|x.x...x...x.x|x..x........x|
|x.......x...x|x..........mx|x.....x.....x|x...........x|x..x....m..$x|
|x...........x|x...x...xxxTx|x.....x.....x|x....m......x|x.....xxxxxxx|
|xLLLLLLLLLLLx|xLLLxLLLx$..x|x.$...xLLLLLx|xWWWWxxxWWWWx|xWWWWWWWWWWWx|
|xxxxxxxxxxxxx|xxxxxxxxxxxxx|xxxxxxxxxxxxx|xxxxxxxxxxxxx|xxxxxxxxxxxxx|
+-------------+-------------+-------------+-------------+-------------+
|xxxxxxxxxxxxx|xxxxxxxxxxxxx|xxxxxxxxxxxxx|xxxxxxxxxxxxx|xxxxxxxxxxxxx|
|x.....m....$x|xxxxxxxxxxxxx|xxxxxxxxxxxxx|x...........x|x...........x|
|xTxxxxxxxxxxx|xxxxxxxxxxxxx|xxxxxxxxxxxxx|x$..........x|x...........x|
|x.....m.....x|xxxxxxxxxxxxx|xxxxxxx.xxxxx|xxxx........x|x...........x|
|xxxxxxxTxxxxx|xxxxx.....xxx|xx.xxxx.xx.xx|x..........mx|x$.m........x|
|x.......m...x|xxxx........x|xx.xx....x.xx|x.......xxxxx|xxxxxx....x.x|
|xxxxxxxxxxxxx|x...........x|x..x........x|xH...xxx....x|x....xxxxxxHx|
|x.........m.x|x..........mx|x...........x|xH.........Hx|x..........Hx|
|xxxTxxxxxxxxx|x.....Hxxxxxx|xm.........$x|xHxxx...xx.Hx|x..........Hx|
|x...........x|x.....Hx....x|xxx....xx..xx|x.xxx...xx.Hx|x..x.....xxxx|
|x.....H.....x|x.....Hx....x|xxxx....x...$|x..........Hx|x.....H.....x|
|x.....H.....x|x.....Hx$...x|xxx...H.xLLLx|x.....H.....x|x.....H.....x|
|xxxxxxHxxxxxx|xxxxxxHxxxxxx|xxxxxxHxxxxxx|xxxxxxHxxxxxx|xxxxxxHxxxxxx|
#-------------+-------------+-------------+-------------+-------------+
:reset
:horiz-flip
:vert-flip
+-------------+-------------+-------------+-------------+-------------+-------------+-------------+-------------+
|      H      |      H      |      H      |      H      |      H      |      H      |      H      |      H      |
|      H      |      H      |      H      |  H,,,,,     |      H      |      H   ,  |      H      | ,,,H,H,,,,, |
|  H,,,,      |  ,,,,H      |  ,,,,H,     |  H          |      H      |      H   ,  |      H      |   ,H ,      |
|  H   ,      |  ,   H      |  ,   H      |  H,,,,,,,   | ,,,,,H,,,,H |     ,H,,,H, |      H      | H,,H ,      |
|  H   ,      |  ,   H      |  H,,,H,,    |  H   ,      | ,    H    H |   ,      H  |      H      | H    ,,,,   |
|  H   ,      |  ,   H      |  H   ,      |  H   ,      |      H    H |   ,      H  |      H      | H    ,      |
|,,H,,,,,,    |,,,,,,H,,,   |,,H,,,,,,,,  |,,H   ,      |,,,,,,H,,,,H |,,,H,,,,,,H  |,,,,,,H,,,,  |,H  ,,,,,,,  |
|             |         ,   |        ,    |      ,      |             |   H      H  |             | ,           |
|             |             |             |      ,      |             |   H      H  |             | ,           |
|             |             |             |      ,      |             |   H,,,,,,H  |             |             |
|             |             |             |   ,,,,,,,   |             |             |             |             |
|             |             |             |  ,,,,,,,,,  |             |             |             |             |
|             |             |             | ,,,,,,,,,,, |             |             |             |             |
+-------------+-------------+-------------+-------------+-------------+-------------+-------------+-------------+
|      H      |      H      |      H      |      H      |      H      |      H      |      H      |      H      |
|      H      |  H,,,H,,,H  |      H      |      H      |   H,,H      |   ,,,H,,,,H |  H   H      |      H,,.H  |
|      H      |  H       H  |      H      |    ,,H,,    |   H  ,      |      ,    H |  H,,,H,,    |          H  |
|   H,,H,,H   |  H       H  |  H,,,H,,    |   ,, H ,,   |   H  ,      |      ,    H |  H          |      ,,,,H  |
|   H     H   |  H       H  |  H     ,,   |  ,,  ,  ,,  |   H,,H      |      H,,,,H |  H          |      H      |
|   H     H   |  H       H  |  H      ,,  | ,,  ,,,  ,, |      H      |      H      |  H          |      H      |
|,,,H,, ,,H,,,|,,H,,, ,,,H,,|,,H,,,,,  ,,,|,,,, ,,, ,,,,|,,,,,,H,,,,,,|,,,,,,H,,,,,,|,,H,,,,,,,,,,|,,,,,,H,,,,,,|
|             |             |      ,      |             |             |             |             |             |
|             |             |      ,  $m, |             |             |             |             |             |
|             |             |      ,    , |             |             |             |             |             |
|             |             |  ,,,,,,   , |             |             |             |             |             |
|             |             |,,,        , |             |             |             |             |             |
|             |             |  ,,,,,,,,,, |             |             |             |             |             |
+-------------+-------------+-------------+-------------+-------------+-------------+-------------+-------------+
|      H      |      H      |      H      |      H      |      H      |      H      |      H      |      H      |
|      H      |      H      |      H      |xxxxxxHxxxxx |      H      |   xxxH      |      H      |   xxxHxxx   |
|      H      | xxxxxHxxxxx |   xxxHxxx   |x.....H...Hx |      H      |   x..Hx     |   xxxHxxxxxx|   x..H..x   |
|     xHx     | xH........x | xxx....Hx   |x.xxxx.xx.Hx |    xxHxx    |   xHxxx     |   x..H.H...x|   x.H..xx   |
|     xHx     | xHx.x.xxxxx |xx...xx.Hx   |x.........Hx |    x.H.xxxxx|   xH..x     |   xxx.xHx..x|   xxHx..x   |
|     xHx     | xH....x     |x.......Hx   |x.xx.xxxx.Hx |    x.H..H..x|   x...x     |     x..Hx..x|   x.H...x   |
|     xHx     | xxxxxHx     |x...xxHxxx   |x.........Hx |    xxHxxHxxx|   xxxHx     |     xHxxx..x|   x.H...x   |
|      H      |      H      |x...x H      |xx...xHx..xx |      Hx.H..x|      H      |      H x...x|   xxxHxxx   |
|      H      |      H      |x..xx H      | xx.xxHxx.x  |      Hx....x|      H      |      H x...x|      H      |
|      H      |      H      |x..x  H      |  x.x H x.x  |      Hx....x|      H      |      H x...x|      H      |
|      H      |      H      |xxxx  H      |  xxx H xxx  |      Hx....x|      H      |      H x...x|      H      |
|      H      |      H      |      H      |      H      |      Hx....x|      H      |      H xxxxx|      H      |
|      H      |      H      |      H      |      H      |      Hxxxxxx|      H      |      H      |      H      |
+-------------+-------------+-------------+-------------+-------------+-------------+-------------+-------------+
|      H      |      H      |      H      |      H      |      H      |      H      |      H      |      H      |
|      H      |      H      |      H      |   xxxHxxxxx |      H      |   xxxH      |      H      |   xxxHxxx   |
|      H      |   xxxHxxxxx |   xxxHxxx   |   x..H...Hx |      H      |   x..Hx     |xxxxxxHxxx   |   x..H..x   |
|     xHx     |   x.....H.x |   x.....x   |   x...xxxHx |    xxHxx    |   xHxxx     |x........x   |   x...H.x   |
|     xHx     |   x.x.x.H.x |   xxxH..x   |   xx..x..Hx |    x.H.x    |   xH..x     |xxxxxx.xHx   |   xxxxH.x   |
|     xHx     |   x.....H.x |     xH..x   |   x...xxxHx |    x.H.x    |   x...x     |     x..Hx   |   x.H.H.x   |
|,,,,,,H,,,,,,|,,,...H..H..,|,,,,,,H..,,,,|,,,,..H...H,,|,,,,,.H.,,,,,|,,,,,,H,,,,,,|,,,,,,H,H,,,,|,,,,,H,,,,,,,|
|     xHx     |   xxxHxxxxx |     xHxxx   |   x..Hx..Hx |    x.H.xxxxx|   xxxHx     |     xHxxx   |   x.H...x   |
|      H      |      H      |      H      |   xxxHxxxxx |   xx.H.....x|      H      |      H      |   xxxHxxx   |
|      H      |      H      |      H      |      H      |   x..H.....x|      H      |      H      |      H      |
|      H      |      H      |      H      |      H      |   xxxH.....x|      H      |      H      |      H      |
|      H      |      H      |      H      |      H      |      Hxxx..x|      H      |      H      |      H      |
|      H      |      H      |      H      |      H      |      H  xxxx|      H      |      H      |      H      |
#-------------+-------------+-------------+-------------#-------------+-------------+-------------+-------------+
:fragment
:reset
:horiz-flip
+-------------+
|     xx      |
|     xx      |
|     ..      |
|     xx      |
|     xx      |
|             |
|             |
|             |
|             |
|             |
|             |
|             |
|             |
#-------------+
:alternative
+-------------+-------------+
|     xx      |     ..      |
|     ..      |     ..      |
|     ..      |     ..      |
|     xx      |     xx      |
|     xx      |     xx      |
|             |             |
|             |             |
|             |             |
|             |             |
|             |             |
|             |             |
|             |             |
|             |             |
#-------------+-------------+
