:mapchar x
# X X X
# X X X
# X X X
:is_join_block
+-----+-----+-----+-----+-----+-----+-----+-----+-----+-----+-----+-----+-----+-----+-----+-----+
|xxxxx|xxxxx|xxxxx|xxxxx|xxxxx|xx  x|xxxxx|xxxxx|xx xx|xxxxx|xxxxx|xxxxx|xxxxx|xxxxx|xxxxx|xxxxx|
|xxxxx|x  xx|x xxx|x  xx|x xxx|xx xx|xxx  |xxxxx|xxxxx|x  xx|x xxx|x xx |xx  x|x xxx|xxxxx|xxxxx|
|xx xx|xx  x|xxx x|xx xx|xxx x|xxxxx|x x x|xxxxx| xxxx|xx  x|x  xx|x  xx|xx xx|x xxx|xxx x|xxxxx|
|x  xx|xxxxx|x xx |xxxxx|xxx x|x xxx|xxxxx|xx x | xxxx|xxx x|xx xx|xxx x|x xx |  x x|xxxxx|xxxxx|
|xxxxx|xxxxx|x xxx|xxxxx|xxxxx|xxxxx|xxxxx|xx  x|xx xx|xxx x|xxxxx|xxx x|xxx x|xxxxx|xxxxx|xx xx|
#-----+-----+-----+-----+-----+-----+-----+-----+-----+-----+-----+-----+-----+-----+-----+-----+
# _ _ _
# _ X _
# _ _ _
:is_join_node
+-----+-----+-----+-----+-----+-----+-----+-----+-----+-----+-----+-----+-----+-----+-----+-----+
|ggggg|ggggg|ggggg|ggggg|ggggg|ggggg|ggggg|ggggg|ggggg|ggggg|ggggg|ggggg|ggggg|ggggg|ggggg|ggggg|
|xgxgg|ggxxg|xgggx|xgxgx|gxxxg|ggxgg|xgggx|xgggx|xgxgg|ggxxg|xgggx|ggxgx|gxxxg|ggxgg|xgggx|xgggx|
|xxxxg|gxxxx|xggxx|xxxxx|xxxxx|gxxxx|xgxgx|xggx |xx xg|g xxx| gg  |gxxg |gxxgg|gxxgx|xg g | ggg |
|xxxxx|gxx x|xxgx | xxxx| xxxx|xxxxx|xxxg |  g  | x x |g    |  g  |g xg |g x g| xxg | g g |  g  |
| xxxx| x   | xxx |  xx | xxx | xxx | x g |  g  |     |     |     |g x  |g    |  x  |   g |  g  |
#-----+-----+-----+-----+-----+-----+-----+-----+-----+-----+-----+-----+-----+-----+-----+-----+
# _ _ _
# _ X X
# _ _ _
:is_join_right
+-----+-----+-----+-----+-----+-----+-----+-----+-----+-----+-----+-----+-----+-----+-----+-----+
|ggggg|ggggg|ggggg|ggggg|ggggg|ggggg|ggggg|ggggg|ggggg|ggggg|xgggg|gxgxg|xxgxg|xgxxx|xxxxx|xxxxg|
| xxxx|gxxxx|gxxxx|ggxxx| gxgx| gxgx|gggxg|gxgxx| gxgx|gxggx|xxxxx| xxxx| xxxx| xxxx| xxxx| xxxx|
|   xx|   xx|g  xx|gg xx|   xx| g xx|g  xx|g gxx|   gx|g ggx|  xxx|   xx|   xx|   xx|   xx|   xx|
|    x|    x|    x|gg  x|    x|    x|    x|  g x|    x|g g x|    x|    x|    x|    x|    x|    x|
|     |     |     |g    |     |     |     |     |     |  g  |     |     |     |     |     |     |
#-----+-----+-----+-----+-----+-----+-----+-----+-----+-----+-----+-----+-----+-----+-----+-----+
# _ _ _
# _ X _
# _ X _
:is_join_top
+-----+-----+-----+-----+-----+-----+-----+-----+-----+-----+-----+-----+-----+-----+-----+-----+
|ggggg|ggggg|gggxg|ggggg|gg gg|ggggg|ggg g|ggggg|ggg g|ggggg|ggggg|gxggg|ggggg|gggg |ggggg|gg  g|
|xxxxx|gxxxg|gxxxg|gxxgg|gxxgx|ggxgx|xxxgg|gxggg|xgxxg|xxgxx|xgggg|ggxxg|ggxxg|gxgxx|xxgxx|xxgxx|
|xxxxx|xxxxx|gxxxx|gxxgx|gxxgx|gxxgx|xxxxg|gxxgg|xggxx|xxgxx|xgggx|ggxgg|xgxxx|xgxgx|xxgxx|xgggx|
|xxxxx|xxxxx|xxxxx|gxxxx|gxxxx|gxxxx|xxxxg|gxxxg|xxgxx|xggxx|xxggx|gxxxg|xggxg|xxxgx|xxxgx|xgxgx|
|xxxxx|xxxxx|xxxxx|xxxxx|xxxxx|xxxxx|xxxxx|gxxxg|xxxxx|xgxxx|xxgxx|xxxxx|xxxxx|xxxgx|xxxgx|xgxxx|
#-----+-----+-----+-----+-----+-----+-----+-----+-----+-----+-----+-----+-----+-----+-----+-----+
# _ _ _
# X X _
# _ _ _
:is_join_left
+-----+-----+-----+-----+-----+-----+-----+-----+-----+-----+-----+-----+-----+-----+-----+-----+
|ggggg|ggggg|ggggg|ggggg|ggggg|ggggg|ggggg|ggggg|ggggg|ggggx|ggxgx|gxgxg|xxgxx|gxxxx|xgxgx|xxxxx|
|xxxx |xxxxg|xxgxg|xggxg|xgxx |xxgx |xxgxg|xgxg |xgxgg|xxxxx|xxxxx|xxxx |xxxx |xxxxx|xxxxx|xxxxx|
|xx   |xx   |xx  g|xg  g|xg   |xxg  |xxg  |xg g |xg gg|xx   |xxx  |xx   |xx   |xx   |xx   |xx xx|
|x    |x    |x    |x    |x    |x g  |x    |xg g |xg  g|x    |x    |x    |x    |x    |x    |x    |
|     |     |     |     |     |     |     |   g |    g|     |     |     |     |     |     |     |
#-----+-----+-----+-----+-----+-----+-----+-----+-----+-----+-----+-----+-----+-----+-----+-----+
# _ X _
# _ X _
# _ _ _
:is_join_bot
+-----+-----+-----+-----+-----+-----+-----+-----+-----+-----+-----+-----+-----+-----+-----+-----+
|xxxxx|xxxxx|xxxxx|xxxxx|xxxxx|xxxxx|xxxxx|xxxxx|xxxxx|xxxxx|xxxxx|xxxxx|xxxxx|xxxxx|xxxxx|xxxxx|
|x xxx|x xxx|xxxxx|xxxxx|xxxxx|xxxxx|xxxxx|xxxxx|xxxxx|xxxxx|xxxxx|xxxxx|xxxxx|xxxxx|xxxxx|xxxxx|
|xx xx|xxxxx|xxxxx|xxxxx|xxxxx|x xxx|xxxxx|xxxx |xx xx|x xxx| xx  |xxxx |xxxxx|xxxxx|xx x | xxx |
|xxxxx|xxx x|xxxx | xxxx| xxxx|xxxxx|xxxx |  x  | x x |x    |  x  |x xx |x x x| xxx | x x |  x  |
| xxxx| x   | xxx |  xx | xxx | xxx | x x |  x  |     |     |     |x x  |x    |  x  |   x |  x  |
#-----+-----+-----+-----+-----+-----+-----+-----+-----+-----+-----+-----+-----+-----+-----+-----+
# _ _ _
# X X X
# _ _ _
:is_join_horiz
+-----+-----+-----+-----+-----+-----+-----+-----+-----+-----+-----+-----+-----+-----+-----+-----+
|ggggg|ggggg|ggggg|ggggg|ggggg|ggggg|ggggg|ggggg|ggggg|ggggx|ggxgx|gxgxg|xxgxx|gxxxx|xgxgx|xxxxx|
|xxxxx|xxxxg|xxgxg|xggxg|xgxxx|xxgxx|xxgxg|xgxgx|xgxgg|xxxxx|xxxxx|xxxxx|xxxxx|xxxxx|xxxxx|xxxxx|
|xx xx|xx xx|xxxxx|xgxxg|xg xx|xxgxx|xxgxx|xgxgx|xgxgg|xxxxx|xxxxx|xx  x|xx xx|xx xx|xxxx |xx xx|
|x   x|x   x|x   x|x   x|x  xx|x g x|xx xx|xgxgx|xgxxg|x xxx|x x x|x   x|x  x |x   x|x x  |x  x |
|     |     |     |     |     |     |   x |   g |    g|   x |  x x|    x|   x |    x|  x  |   x |
#-----+-----+-----+-----+-----+-----+-----+-----+-----+-----+-----+-----+-----+-----+-----+-----+
# _ X _
# _ X _
# _ X _
:is_join_vert
+-----+-----+-----+-----+-----+-----+-----+-----+-----+-----+-----+-----+-----+-----+-----+-----+
|xxxxx|xxxxx|xxxxx|xxxxx|xxxxx|xxxxx|xxxxx|xxxx |xxxxx|xxxxx|xxxx | xxxx|xxxxx|xxxx |xxxxx|xxxx |
|xxxxx|xxxxx|xxxxx|xxxxx| xxxx|xxxxx| xxxx|xxxx |xxxx | xxxx|xxxxx| xxxx| xxx |xxxx |xxxx | xxxx|
|xxxxx|xxxxx| xxxx|xxxxx|xxxxx|xxxx |xxxx | xxxx|xxxx |xxxx | xxxx| xxxx| xxx | xxx | xxx |xxxx |
|xxxxx|xxxx |xxxxx|xxxx |xxxx | xxxx|xxxx | xxxx| xxxx|xxxx | xxxx|xxxx |xxxx | xxxx| xxxx| xxxx|
| xxxx|xxxxx|xxxxx|xxxxx|xxxxx|xxxxx|xxxxx|xxxxx| xxxx|xxxxx|xxxxx|xxxxx|xxxxx| xxxx|xxxxx|xxxxx|
#-----+-----+-----+-----+-----+-----+-----+-----+-----+-----+-----+-----+-----+-----+-----+-----+
# _ _ _
# _ X X
# _ X X
:is_join_tl2
+-----+-----+-----+-----+-----+-----+-----+-----+-----+-----+-----+-----+-----+-----+-----+-----+
|ggggg|ggggg|ggggg|ggggg|ggggg|ggggg|ggggg|ggggg|ggggg|ggggx|ggxgx|gxgxg|xxgxx|gxgxx|xgxgx|ggxgx|
|ggxxx|ggxxg|gggxg|gggxg|gggxx|gxgxx|gxgxg|ggxgx|ggxgg|gxxxx|gxxgx|gggxx|xxgxx|xxxxx|xgxgx|xxxgx|
|gxxxx|gxxxx|gxxxg|ggxxg|ggxxx|gxgxx|gxgxx|ggxgx|ggxgg|gxxxx|gxxgx|gxgxx|ggxgx|gggxx|ggxgx|gxxgx|
|gxxxx|gxxxx|gxxxx|gxxxx|gxxxx|gxgxx|gxxxx|xgxgx|xgxxg|gxxxx|xgxxx|xxgxx|xxxgx|xxxxx|xxxxx|gxxgx|
|xxxxx|xxxxx|xxxxx|xxxxx|gxxxx|xxxxx|xxxxx|xxxgx|xxxxg|xxxxx|xxxxx|gxxxx|xxxxx|xxxxx|xxxxx|xxxxx|
#-----+-----+-----+-----+-----+-----+-----+-----+-----+-----+-----+-----+-----+-----+-----+-----+
# _ X X
# _ X X
# _ _ _
:is_join_bl2
+-----+-----+-----+-----+-----+-----+-----+-----+-----+-----+-----+-----+-----+-----+-----+-----+
|xxxxx|xxxxx|xxxxx| xxxx|xxxxx|xxxxx| xxxx|xxxxx|xxxxx|xxxxx|xxxxx|xxxxx|xxxxx|xxxxx|xxxxx|xxxxx|
|xx  x|xxxxx| xxxx|xxxxx| xxxx|xxxxx|xxxxx|xxxxx|xxxxx|xxxxx|xxxxx|xxxxx|xxxxx|xxxxx|xxxxx|xxxxx|
| xx x|xxx x|xxxxx|xxxxx|xxxxx|xxxxx|xxxxx| xxxx|xx xx|x xxx| xx x|xxxx |xxxxx|xxxxx|xx xx| xxxx|
|xxxxx|xxxxx|xxxxx| xxxx| xxxx|xxxxx|xxxx |  x x| x xx|x  xx|  xxx|x xx |x x x| xxxx| x xx|  x x|
| xxxx| xx x| xxx |  xx | xxx | xxx | x x |  x  |    x|    x|    x|x x  |x    |  x x|   xx|  x x|
#-----+-----+-----+-----+-----+-----+-----+-----+-----+-----+-----+-----+-----+-----+-----+-----+
# X X _
# X X _
# _ _ _
:is_join_br2
+-----+-----+-----+-----+-----+-----+-----+-----+-----+-----+-----+-----+-----+-----+-----+-----+
|xxxxx|xxxxx|xxxxx|xxxxx|xxxxx|xxxxx|xxxxx|xxxxx|xxxxx|xxxxx|xxxxx|xxxxx|xxxxx|xxxxx|xxxxx|xxxxx|
|xxxx |xxxxx|xxxxx|xxxxx|xxxx |xxxx |xxxxx|xxxx |xxxx |xxxxx|xxxxx|xxxx |xxxx |xxxxx|xxxxx|xxxx |
|xxx  |xx x |xxx x|xxx x|xxxx |xxx  |xxx  |xx x |xx x |xxx  |xxxx |xxxx |xx x |xx x |xxxx |xx x |
|x x  |xx   |x x  |x x  |x  x |x x  |x x  |xx x |xx   |x x  |x  x |x xx |x  x |x  x |x xx |x  x |
|x    |x    |  x  |x x  |x  x |  x  |  x  | x x |x    |  x  |   x |  x  |   x |x    |  x  |   x |
#-----+-----+-----+-----+-----+-----+-----+-----+-----+-----+-----+-----+-----+-----+-----+-----+
# _ _ _
# X X _
# X X _
:is_join_tr2
+-----+-----+-----+-----+-----+-----+-----+-----+-----+-----+-----+-----+-----+-----+-----+-----+
|ggggg|ggggg|ggggg|ggggg|ggggg|ggggg|ggggg|ggggg|ggggg|ggggg|ggggg|gxggg|xgggg|ggggg|xgxgg|ggggg|
|xxgxg|xxggg|xxgxg|xggxg|xgxgg|xxgxg|xxggg|xgxgx|xgxgg|xxxxg|xxgxg|xxgxg|xxgxx|xxxgg|xxxgg|xgxgg|
|xxgxg|xxxgg|xgxxg|xgxxg|xgxxg|xxgxg|x gxg|xg gx|xgxgg|x  xg|xxxxg|xxggg|xxggg|xxxgg|xxxxg|xgxxg|
|xxxxg|xxxgg|x  xg|xg  g|x  xg|xxgxg|x  xg|xg gx| gxxg|x  xx|xx xx|xxxxg|xxxxx|xxxxg|xxxxg|xxxxg|
|xxxxx|xxxxg|xxxxg|x   x|x  xx|xxxxx|xxxxg|x  gx|  xxg|xxxxx|xxxxx|xxxxx|xxxxg|xxxxx|xxxxx|xxxxx|
#-----+-----+-----+-----+-----+-----+-----+-----+-----+-----+-----+-----+-----+-----+-----+-----+
# _ _ _
# _ X X
# _ X _
:is_join_tl
+-----+-----+-----+-----+-----+-----+-----+-----+-----+-----+-----+-----+-----+-----+-----+-----+
|ggggg|ggggg|ggggg|ggggg|ggggg|ggggg|ggggg|ggggg|ggggg|ggggx|ggxgx|gxgxg|xxgxx|gxgxx|xgxgx|ggxgx|
|ggxxx|ggxxg|gggxg|gggxg|gggxx|gxgxx|gxgxg|ggxgx|ggxgg|gxxxx|gxxgx|gggxx|xxgxx|xxxxx|xgxgx|xxxgx|
|gxxxx|gxxxx|gxxxg|ggxxg|ggxxx|gxgxx|gxgxx|ggxgx|ggxgg|gxxxx|gxxgx|gxgxx|ggxgx|gggxx|ggxgx|gxxgx|
|gxxxx|gxxxx|gxxx |gxxxx|gxxxx|gxgxx|gxxx |xgxg |xgxxg|gxxxx|xgxxx|xxgxx|xxxgx|xxxx |xxxx |gxxgx|
|xxxx |xxx  |xxxx |xxx x|gxxx |xxx  |xxxx |xx g |xxxx |xxx  |xxxx |gxxx |xxxx |xxxx |xxxx |xxxx |
#-----+-----+-----+-----+-----+-----+-----+-----+-----+-----+-----+-----+-----+-----+-----+-----+
# _ X _
# _ X X
# _ _ _
:is_join_bl
+-----+-----+-----+-----+-----+-----+-----+-----+-----+-----+-----+-----+-----+-----+-----+-----+
|xxxgg|xxxxg|xxxxx|xxxxx|xxxgg|xxxx |xxxxx|xxxxx|xxxxx|xxxxx|xxxxx|xxxxx|xxxxx|xxxxx|xxxxx|xxxxx|
|xxxgx|xxxgx|xxxxx|xxxxx|xxggx|xx xx|x  xx|xxxxx|xxxxx|xxxxx|xxxxx|xxxxx|xxxxx|xxxxx|xxxxx|xxxxx|
|xxxxx|xxxxx|xxxxx|xxxxx|xxxxx|x  xx|xxxxx|xxxxx|xx xx|x xxx| xx x|xxxx |xxxxx|xxxxx|xx xx| xxxx|
|xxxxx|xxxxx|xxxxx| xxxx| xxxx|xxxxx|xxxx |  x x| x xx|x  xx|  xxx|x xx |x x x| xxxx| x xx|  x x|
| xxxx| xx x| xxx |  xx | xxx | xxx | x x |  x  |    x|    x|    x|x x  |x    |  x x|   xx|  x x|
#-----+-----+-----+-----+-----+-----+-----+-----+-----+-----+-----+-----+-----+-----+-----+-----+
# _ X _
# X X _
# _ _ _
:is_join_br
+-----+-----+-----+-----+-----+-----+-----+-----+-----+-----+-----+-----+-----+-----+-----+-----+
|xxxxx|gxxxx|xxxxx|gxxxx|xxxxx|xxxxx|gxxxx|xxxxx|xxxxx|gxxxx|xxxxx|xxxxx|xxxxx|xxxxx|xxxxx|xxxxx|
|xxxx |xxxxx|xxxxx|xgxxx|xxxx |xxxx |xxxxx|xxxx |xxxxx|xgxxx|xxxxx|xxxx |xxxx |xxxxx|xxxxx|xxxxx|
|xxx  |xx x |xxx x|xxx x|xxxx |xxx  |xxx  |xx x |xx xx|xxx  |xxxx |xxxx |xx x |xx x |xxxx |xx xx|
|x x  |xx   |x x  |x x  |x  x |x x  |x x  |xx x |xx  x|x x  |x  x |x xx |x  x |x  x |x xx |x  x |
|x    |x    |  x  |x x  |x  x |  x  |  x  | x x |x   x|  x  |   x |  x  |   x |x    |  x  |   x |
#-----+-----+-----+-----+-----+-----+-----+-----+-----+-----+-----+-----+-----+-----+-----+-----+
# _ _ _
# X X _
# _ X _
:is_join_tr
+-----+-----+-----+-----+-----+-----+-----+-----+-----+-----+-----+-----+-----+-----+-----+-----+
|ggggg|ggggg|ggggg|ggggg|ggggg|ggggg|ggggg|ggggg|ggggg|ggggg|ggggg|gxggg|xgggg|ggggg|xgxgg|ggggg|
|xxgxg|x ggg|xxgxg|xggxg|xgxgg|xxgxg|xxggg|xgxgx|xgxgg|xxxxg|xxgxg|xxgxg|xxgxx|xxxgg|xxxgg|xgxgg|
|x gxg|x xgg|xg xg|xgxxg|xgxxg|xxgxg|x gxg|xgxgx|xgxgg|xxxxg|x  xg|xxggg|xxggg|xxxgg|xxxxg|xgxxg|
|x  xg|x  gg|x  xg|xg xg|x  xg|xxgxg|x  xg|xgxgx|xgxxg|xxxxx|xx xx|xxxxg|xxxxx|xxxxg|xxxxg|xxxxg|
|xxxxx|xxxxg|xxxxg|xx xx|xxxxx|xxxxx|xxxxg|xxxgx|xxxxg|xxxxx|xxxxx|xxxxx|xxxxg|xxxxx|xxxxx|xxxxx|
#-----+-----+-----+-----+-----+-----+-----+-----+-----+-----+-----+-----+-----+-----+-----+-----+
# X X _
# X X _
# X X _
:is_join_t90_3
+-----+-----+-----+-----+-----+-----+-----+-----+-----+-----+-----+-----+-----+-----+-----+-----+
|xxxx |xxxxx|xxxxx|xxxxx|xxxxx|xxxx |xxxxx|xxxxx|xxxxx|xxxx |xxxxx|xxxxx|xxxx |xxxxx|xxxx |xxxx |
|xxxxx|xxxx |xxxxx|xxxxx|x xxx|xxxx |x xx |xxxxx|xxxxx|xxxx |x xx |xx xx|xxxx |xxxx |xxxx |xxxxx|
|x xxx|xxxxx|xxxx |xxxxx|xxxxx|x xxx|x xx |xxxx |xxxxx|x xx |x xx |x  x |xxxx |xxxx |xxxxx|xxxxx|
|xxxxx|xx xx|xxxxx|xxxx |xxxxx|x  xx|x xxx|xxxx |xxxx |x  xx|xxxx |xxxx |xxxx |xxxx |xxxx |xxxxx|
|xxxxx|xxxxx|xxxxx|xxxxx|xxxx |xxxxx|xxxxx|xxxxx|xxxx |xxxxx|xxxxx|xxxx |xxxxx|xxxx |xxxx |xxxx |
#-----+-----+-----+-----+-----+-----+-----+-----+-----+-----+-----+-----+-----+-----+-----+-----+
# X X X
# X X X
# _ _ _
:is_join_t180_3
+-----+-----+-----+-----+-----+-----+-----+-----+-----+-----+-----+-----+-----+-----+-----+-----+
|xxxxx|xxxxx|xxxxx|xxxxx|xxxxx|xxxxx|xxxxx|xxxxx|xxx x|x  xx|xxxxx|xxxxx|xxxxx|xxxxx|xxxxx|xxxxx|
|xxx x|xx xx|xxxxx|x xxx|xx xx|xxxxx|xxx x|x xxx|xxxxx|xxxxx|xxxxx|xxxxx|xxxxx|xxxxx|xxxxx|xxxxx|
|x xxx|xxxxx|xxxxx|xxxxx|xxxxx|xxxxx| xxxx|xxxxx|xx xx|x xxx| xx x|xxxx | xxxx|xxxxx|xx xx| xxxx|
|xxxxx|xxxxx|xx xx| xxx | xxxx| xxxx| xxx |  x x| x xx|x  xx|  xx |x xx |  x x| xxx | x xx|  x  |
| xxx | x x | x x |  x  | xx  |  xx |   x |  x  |    x|    x|     |  x  |  x  |  x  |   x |  x  |
#-----+-----+-----+-----+-----+-----+-----+-----+-----+-----+-----+-----+-----+-----+-----+-----+
# _ X X
# _ X X
# _ X X
:is_join_t270_3
+-----+-----+-----+-----+-----+-----+-----+-----+-----+-----+-----+-----+-----+-----+-----+-----+
| xxxx|xxxxx|xxxxx|xxxxx|xxxxx| xxxx|xxxxx|xxxxx|xxxxx| xxxx|xxxxx|xxxxx| xxxx|xxxxx| xxxx|xxxxx|
|xxxxx| xxxx|xxxxx|xxx x|xxxx | xxxx| xxxx|xxx x|xxxxx| xxxx| xxxx|xxxxx| xxxx| xxxx| xxxx| xxxx|
|x  xx|xxxxx| xxxx|xxx  |xxx  |xxxxx| xxxx| xxxx|xxx x| xxxx| xxxx| xxxx| xxxx| xxxx|xxxxx|xxxxx|
|xx xx|xxxxx|xxxxx| xxxx|xxxxx|xxxxx|xxxxx| xxxx| xxxx|xxxxx| xxxx| xxxx| xxxx| xxxx| xxxx| xxxx|
|xxxxx|xxxxx|xxxxx|xxxxx| xxxx|xxxxx|xxxxx|xxxxx| xxxx|xxxxx|xxxxx| xxxx|xxxxx| xxxx| xxxx|xxxxx|
#-----+-----+-----+-----+-----+-----+-----+-----+-----+-----+-----+-----+-----+-----+-----+-----+
# _ _ _
# X X X
# X X X
:is_join_t_3
+-----+-----+-----+-----+-----+-----+-----+-----+-----+-----+-----+-----+-----+-----+-----+-----+
|ggggg|ggggg|ggggg|ggggg|ggggg|ggggg|ggggg|ggggg|ggggg|ggggg|ggggg|gxggg|xgggg|ggggg|xgxgg|ggggg|
|xxgxg|xxggx|xxgxx|xggxx|xgxgx|xxgxg|xxggx|xgxgx|xgxxx|xxxxg|xxgxg|xxgxg|xxgxx|xxxgg|xxxgg|xgxgx|
|xxgxx|xx gx|xgxxx|xgxxx|xgxxx|xxgxx|xxgxx|xgxgx|xgxxx|x xxx|xxxxx|xxggx|xxggg|xxxgx|xxxxg|xgxxx|
|xx  x|x  gx|x  xx|xg xx|x  xx|xxg x|xx  x|xg gx|xg   |xxxxx|xxxxx|xxxxx|xxxxx|xxxxx|xxxxg|xxxxx|
|xxx x|xxxxx|xxxxx|xxxxx|xxxxx|xxxxx|xxxxx|xxxgx|xxxxx|xxxxx|xxxxx|xxxxx|xxxxg|xxxxx|xxxxx|xxxxx|
#-----+-----+-----+-----+-----+-----+-----+-----+-----+-----+-----+-----+-----+-----+-----+-----+
# _ X _
# _ X X
# _ X _
:is_join_t270
+-----+-----+-----+-----+-----+-----+-----+-----+-----+-----+-----+-----+-----+-----+-----+-----+
| xxxx|xxxxx|xxxxx|xxxxx|xxxxx| xxxx|xxxxx|xxxxx|xxxxx| xxxx|xxxxx|xxxxx| xxxx|xxxxx| xxxx|xxxxx|
|xxxxx| xxxx|xxxxx|xxxxx|xxxxx| xxxx| xxxx|xxxxx|xxxxx| xxxx| xxxx|xxxxx|  xxx| xxxx| xxxx| xxxx|
|xxxxx|xxxxx| xxxx| xxxx| xxxx|xxxxx|  xxx|   xx|x  xx|  xxx|  xxx|   xx|   xx|   xx|   xx|   xx|
|xxxxx| xxxx| xxxx| xxxx| xxxx| xxxx|xxxxx| xxxx| xxxx| xxxx| xxxx|  xxx| xxxx|  xxx|   xx| xxxx|
| xxxx|xxxxx|xxxxx|xxxxx| xxxx| xxxx|xxxxx|xxxxx| xxxx|xxxxx|xxxxx| xxxx|xxxxx| xxxx| xxxx|xxxxx|
#-----+-----+-----+-----+-----+-----+-----+-----+-----+-----+-----+-----+-----+-----+-----+-----+
# _ X _
# X X X
# _ _ _
:is_join_t180
+-----+-----+-----+-----+-----+-----+-----+-----+-----+-----+-----+-----+-----+-----+-----+-----+
|xxxxx|xxxxx|xxxxx|xxxxx|xxxxx|xxxxx|xxxxx|xxxxx|xxxxx|xxxxx|xxxxx|xxxxx|xxxxx|xxxxx|xxxxx|xxxxx|
|xxxxx|xxxxx|xxxxx|xx xx|xxxxx|xxx x|xxxxx|xx xx|xx xx|xx xx|xx xx|xx xx|xx  x|x   x|xx xx|xx  x|
|xxxxx|xx xx|xx xx|x   x|x  xx|xx  x| xx x|xx xx|x   x|x  xx| x  x|xxx  | xx x|xx xx|x  xx| xx x|
|xx  x|xx xx|x   x|     |    x| x  x| x   |    x| x xx|x  xx|  xx |x xx |  x x| x x | x xx|  x  |
| x   |     |     |     |     |     |     |     |    x|    x|     |  x  |  x  |     |   x |  x  |
#-----+-----+-----+-----+-----+-----+-----+-----+-----+-----+-----+-----+-----+-----+-----+-----+
# _ X _
# X X _
# _ X _
:is_join_t90
+-----+-----+-----+-----+-----+-----+-----+-----+-----+-----+-----+-----+-----+-----+-----+-----+
|xxxx |xxxxx|xxxxx|xxxxx|xxxxx|xxxx |xxxxx|xxxxx|xxxxx|xxxx |xxxxx|xxxxx|xxxx |xxxxx|xxxx |xxxx |
|xxxxx|xxxx |xxxx |xxxxx|xxxxx|xxxx |xxxx |xxxxx|xxxxx|xxxx |xxxx |xxxxx|xxx  |xxx  |xxx  |xx   |
|xxx  |xx   |xxx  |xx  x|xxx  |xxx  |xx   |xx   |xxx  |xxx  |xx   |xx   |xx   |xx   |xx   |xx   |
|xxxx |xxxx |xxxxx|xxx  |xxx  |xxx  |xx  x|xx x |xxx  |xxx x|xxx  |xxx  |xxxx |xxxx |xxx  |xx   |
|xxxxx|xxxxx|xxxxx|xxxxx|xxxx |xxxxx|xxxxx|xxxxx|xxxx |xxxxx|xxxxx|xxxx |xxxxx|xxxx |xxxx |xxxx |
#-----+-----+-----+-----+-----+-----+-----+-----+-----+-----+-----+-----+-----+-----+-----+-----+
# _ _ _
# X X X
# _ X _
:is_join_t
+-----+-----+-----+-----+-----+-----+-----+-----+-----+-----+-----+-----+-----+-----+-----+-----+
|ggggg|ggggg|ggggg|ggggg|ggggg|ggggg|ggggg|ggggg|ggggg|ggggg|ggggg|gxggg|xgggg|ggggg|ggxgg|ggggg|
|xgggg|xxggx|xggxx|xggxx|xgxgx|xxgxg|xxggx|xgxgx|xgxxx|xgxgg|xggxg|xxgxg|xxgxx|gxggg|xxxgg|xgggx|
|xgggx|xxggx|xgxxx|xgxxx|xgxgx|xxg x|xxgxx|xgxgx|xgxxx|xgxgx|xgxxx|xgggx|xgggg|gxggx|xgggg|xggxx|
|xg gx|xxg x|xgggx|xgggx|x  gx|xgggx|xggxx|gg gx|xgggx|xgxgx|xggxx|xgxxx|xgxgx|xxgxx|xgxxg|xxgxx|
|xxxgx|xxgxx|xxxgx|xxxgx|xxggx|xxxgx|xgxxx|gxxgx|xxxgg|xxxgx|xxgxx|xggxx|xgxgg|xxgxx|xgxxx|xxgxx|
#-----+-----+-----+-----+-----+-----+-----+-----+-----+-----+-----+-----+-----+-----+-----+-----+
# _ X X
# _ X X
# _ X _
:is_join_t270_2
+-----+-----+-----+-----+-----+-----+-----+-----+-----+-----+-----+-----+-----+-----+-----+-----+
| xxxx|xxxxx|xxxxx|xxxxx|xxxxx| xxxx|xxxxx|xxxxx|xxxxx| xxxx|xxxxx|xxxxx| xxxx|xxxxx| xxxx|xxxxx|
|xxxxx| xxxx|xxxxx|xxxxx|xxxxx| xxxx| xxxx|x xxx|xxxxx| xxxx| xxxx|x xxx| x xx| xxxx| xxxx| xxxx|
|xxxxx|xxxxx| xxxx|xx xx|xxxxx| xxxx| xxxx|   xx|x xxx|   xx|    x|    x|   xx| xxxx|  xxx|  xxx|
|x  xx|  xxx|   xx|   xx|  xxx|  xxx|  xxx|   xx|    x|xx xx| xx x|   xx|  xxx|   xx|  xxx|   xx|
|  xxx|  xxx|xxxxx|xxxxx| xxxx|xxxxx|xxxxx|xxxxx| xxxx|xxxxx|xxxxx| xxxx|xxxxx|   xx|   xx|xxxxx|
#-----+-----+-----+-----+-----+-----+-----+-----+-----+-----+-----+-----+-----+-----+-----+-----+
# X X _
# X X X
# _ _ _
:is_join_t180_2
+-----+-----+-----+-----+-----+-----+-----+-----+-----+-----+-----+-----+-----+-----+-----+-----+
|xxxxx|xxxxx|xxxxx|xxxxx|xxxxx|xxxxx|xxxxx|xxxxx|xxxxx|xxxxx|xxxxx|xxxxx|xxxxx|xxxxx|xxxxx|xxxxx|
|xxxxx|xxxxx|xxxxx|xxxxx|xxxxx|xxxx |xxx  |xxx  |xxxxx|xxxx |xxxx |xxxxx|xxxx |xxxxx|xxxxx|xxxx |
|xxx  |xxx x|xxx  |xxx  |xx   |xxx  | xx  |xxxx |xx xx|x xx | xx  |xxx  | xxx |xxx  |xx x | xx  |
|xxx x|xxx x|xx   | xx  | xx  | xxx | xxx |  x  | x xx|x  xx|  xx |x xx |  x  | xx  | x x |  x  |
| xxx | x   | x   |  x  | xx  |  xx |   x |  x  |    x|    x|     |  x  |  x  |  x  |     |  x  |
#-----+-----+-----+-----+-----+-----+-----+-----+-----+-----+-----+-----+-----+-----+-----+-----+
# _ X _
# X X _
# X X _
:is_join_t90_2
+-----+-----+-----+-----+-----+-----+-----+-----+-----+-----+-----+-----+-----+-----+-----+-----+
|xxxx |xx   |xxx  |xxx  |xxx  |xxxx |xxx  |xxxx |xxxxx|xxx  |xxxx |xxx  |xxxx |xxxxx|x    |xxx  |
|xxxxx|xxxx |xxx  |xx   |xxx  |xxx  |xx   |xxx  |xxx  |xxx  |xxx  |xxx  |xx   |xx   |xxx  |xxx  |
|xxxxx|xxxxx|xxxx |xxxxx|xxxxx|xxxxx|xxxx |xxx  |xxx  |xxxx |xxx  |xxxx |xx   |xxxx |xx   |xxxxx|
|xxxxx|xxxxx|xxxxx|xxxx |xxxxx|xxxxx|xxxxx|xxxx |xxxx |xxxxx|xxxx |xxxx |xxxx |xxxx |xx x |xxxxx|
|xxxxx|xxxxx|xxxxx|xxxxx|xxxx |xxxxx|xxxxx|xxxxx|xxxx |xxxxx|xxxxx|xxxx |xxxxx|xxxx |xxxx |xxxx |
#-----+-----+-----+-----+-----+-----+-----+-----+-----+-----+-----+-----+-----+-----+-----+-----+
# _ _ _
# X X X
# _ X X
:is_join_t_2
+-----+-----+-----+-----+-----+-----+-----+-----+-----+-----+-----+-----+-----+-----+-----+-----+
|gxggg|xxggg|xgggg|xgggg|ggxgx|xxggg|xxggg|ggggg|xgggg|ggggg|xgggg|gxggg|xggxg|ggggg|xgxgg|ggggg|
|xxgxg|xxggx|xxgxx|xggxx|xgxgx|xxgxg|xxggx|xgxgx|xgxxx|xxxxg|xxgxg|xxgxg|xxgxx|xxxgg|xxxgg|xgxgx|
|xxgxx|xxxgx|xgxxx|xgxxx|xgxxx|xxgxx|xxgxx|xgxgx|xgxxx|xxxxx|xxxxx|xxggx|xxggg|xxxgx|xxxxg|xgxxx|
|xxxxx|xxxgx|xxxxx|xgxxx|xxxxx|xxgxx|xxxxx|xgxgx|xgxxx|xxxxx|xxxxx|xxxxx|xxxxx|xxxxx|xxxxg|xxxxx|
|xxxxx|xxxxx|xxxxx|xxxxx|xxxxx|xxxxx|xxxxx|xxxgx|xxxxx|xxxxx|xxxxx|xxxxx|xxxxg|xxxxx|xxxxx|xxxxx|
#-----+-----+-----+-----+-----+-----+-----+-----+-----+-----+-----+-----+-----+-----+-----+-----+
# _ X _
# _ X X
# _ X X
:is_join_t270_1
+-----+-----+-----+-----+-----+-----+-----+-----+-----+-----+-----+-----+-----+-----+-----+-----+
| xxxx|  xxx|   xx|xxxxx|xxxxx| xxxx|xxxxx|  xxx|x xxx| xxxx| xxxx|  xxx| xxxx|   xx| xxxx|   xx|
|xxxxx| xxxx|xxxxx| xxxx|xx  x| x  x| xx x|  xxx|  xxx| xxxx|  xxx|   xx| x xx|  xxx| xx x| xxxx|
| xxxx|xxxxx| xxxx|   xx|xxx x| x  x| xx x|   xx|x xxx|   xx|    x|    x|   xx| xxxx|  x x|  xxx|
|   xx|  xxx|   xx|   xx|    x|   xx|  xxx|   xx|    x|xx xx| xx x|   xx|  xxx|   xx|  xxx|   xx|
|  xxx|  xxx| xxxx|xxxxx| xxxx|xxxxx|xxxxx|xxxxx| xxxx|xxxxx|xxxxx| xxxx|xxxxx|   xx|   xx|  xxx|
#-----+-----+-----+-----+-----+-----+-----+-----+-----+-----+-----+-----+-----+-----+-----+-----+
# _ X X
# X X X
# _ _ _
:is_join_t180_1
+-----+-----+-----+-----+-----+-----+-----+-----+-----+-----+-----+-----+-----+-----+-----+-----+
| xxxx|xxxxx|xxxxx|  xxx|xxxxx|xxxxx|xxxxx|xxxxx|xxxxx|xxxxx|xxxxx|xxxxx|xxxxx|xxxxx|xxxxx|xxxxx|
|  xxx|xxxxx|xxxxx|x xxx|xxxxx|xxxxx|xxxxx|x xxx|xxxxx|xxxxx|xxxxx|x  xx|xxxxx|xx xx|xxxxx|xx xx|
|xxxxx| xxxx| xxxx|xxxxx|xxxxx|xxxxx| x xx|x xxx|xx xx|x xxx| xx x|xxxx | xxxx|xx xx|xx xx| xxxx|
|xxxxx| xxxx| x xx| xxx |   xx| x xx| x x |  x x| x xx|x  xx|  xx |x xx |  x x| xxx | x xx|  x  |
| xxx |   x |   x |  x  |     |   x |   x |  x  |    x|    x|     |  x  |  x  |  x  |   x |  x  |
#-----+-----+-----+-----+-----+-----+-----+-----+-----+-----+-----+-----+-----+-----+-----+-----+
# X X _
# X X _
# _ X _
:is_join_t90_1
+-----+-----+-----+-----+-----+-----+-----+-----+-----+-----+-----+-----+-----+-----+-----+-----+
|xxxx |xx   |xxx  |xxx  |xxx  |xxxx |xxx  |xxxx |xxxxx|xxx  |xxxx |xxx  |xxxx |xxxxx|x    |xxx  |
|xx xx|xxxx |xxx  |xx   |xxx  |xxx  |xx   |xxx  |x x  |xxx  |xxx  |xxx  |xx   |xx   |xxx  |x x  |
|xx  x|xxxxx|xxxx |xxxxx|xxxxx|xxxxx|xxxx |xxx  |x x  |x xx |xxx  |xxxx |xx   |x xx |xx   |x xxx|
|xxx x|x  xx|x xxx|xxx  |xx  x|xx   |xx xx|xxxx |x xx |x  xx|x xx |xx   |xxxx |x    |x  x |x  xx|
|xxxxx|xxxx |xxx  |xxx  |xx   |xx   |xxxxx|xxx  |xxxx |xxxxx|x xxx|xxxx |xxxxx|xxxx |xxxx |xxxx |
#-----+-----+-----+-----+-----+-----+-----+-----+-----+-----+-----+-----+-----+-----+-----+-----+
# _ _ _
# X X X
# X X _
:is_join_t_1
+-----+-----+-----+-----+-----+-----+-----+-----+-----+-----+-----+-----+-----+-----+-----+-----+
|gxggg|xxggg|xgggg|xgggg|ggxgg|xxggg|xxggg|ggggg|xgggg|ggggg|xgggg|gxggg|xggxg|ggggg|xgxgg|ggggg|
|xxgxg|xxggx|xxgxx|xggxx|xgxgg|xxgxg|xxggx|xgxgx|xgxxx|xggxg|xxgxg|xxgxg|xxgxx|xxxgg|xgxgg|xgxgx|
|xxgxx|x  gx|xgxgx|xggxx|xgxgg|xxgxx|xxggx|xgxgx|xgxxx|xxgxx|xxgxx|xxggx|xxggg|xxxgx|xgxxg|xgxxx|
|xxgxx|xx gg|xxxgx|xgxgx|x xxg|xxgxx|x  gg|xgxgx|xgggg|xxggg|xxggx|xxxgg|xxgxx|xxxgg|xgggg|xgggx|
|xxggg|xxxxg|xxxgg|xxxxg|xxxxg|xxggg|xxxxg|xxxgg|xxxxg|xxxxg|xxxxx|xxxxg|xxggg|xxxxg|xxxgg|xxxgg|
#-----+-----+-----+-----+-----+-----+-----+-----+-----+-----+-----+-----+-----+-----+-----+-----+
# _ X _
# X X X
# _ X _
:is_join_x
+-----+-----+-----+-----+-----+-----+-----+-----+-----+-----+-----+-----+-----+-----+-----+-----+
|gxxxx|xxxxg|gxxxx|xxxxg|ggxxx|xxxgg|ggxxx|xxxxg|ggxxx|xxxgg|xxggg|ggxxx|xxxxx|xxxxx|xxxxx|xxxxx|
|xxxxx|xxx x|gxxxx|xxxxg|xgxxx|xxxgx|xggxx|xxxgg|xggxx|xxggx|xggxx|xgxxx|x xxx|xxxxx|xxxxx|xxx x|
|xxxxx|xxxxx|xxxxx|xxxxx|xxxxx|x xxx|xxgxx|xx gx|xxggg|xggxx|xgxxx|xggxx|xxx x|  xxx|x xxx|xx  x|
|xxxx |xxxxx|xxx x|xxxxx|xx xx|xxxxx|x xxx|xxxgx|gggxx|xgxxx|xgggx|xxxxx|xxxxx|x xxx|x  xx|xxxxx|
|xxxxx|xxxxx|xxxxx|xxxxx|xxxxx|xxxxx|xxxxx|xxxxx|gxxxx|xgxxx|xxxxx|xxxxx|xxxxx|xxxxx|x xxx|xxxxx|
#-----+-----+-----+-----+-----+-----+-----+-----+-----+-----+-----+-----+-----+-----+-----+-----+
# _ X _
# X X X
# _ X X
:is_join_x1
+-----+-----+-----+-----+-----+-----+-----+-----+-----+-----+-----+-----+-----+-----+-----+-----+
|xxxxx|xxxxx|gxxxx|gxxxg|xxxxg|gxxgg|xxxxg|xxxgg|xxxxg|xxxxx|xxxxx|xxxxx|xxxxx|xxxxx|xxxxx|xxxxx|
|xxxxx|xxxxx|ggxxx|xgggx|xxggx|xgxgx|xxxxg|xxxxx|xxxxx|xxxxx|xxxxx|xxx x|xxxxx|x xxx| xx x|x xxx|
|xxxxx|xxxxx|xgxxx|xxxxx|xggxx|xgggx|xxxxx|xx  x|x  xx|x  xx|xxxxx|xx  x|xxxxx|xxxxx|xxxxx|xxx x|
|xxxxx|xxxxx|xgxxx|xxxxx|ggxxx|gxxxx|xxxxx|xx xx|x xxx|xx xx|xxx x|xxxxx|xxx x| xxxx| xxxx|x xxx|
|xxxxx|xxxxx|gxxxx|xxxxx|gxxxx|gxxxx|xxxxx|xxxxx|xxxxx|xxxxx|xxx  |xxxxx|xxxxx|xxxxx|xxxxx|xxxxx|
#-----+-----+-----+-----+-----+-----+-----+-----+-----+-----+-----+-----+-----+-----+-----+-----+
# _ X X
# X X X
# _ X _
:is_join_x1_270
+-----+-----+-----+-----+-----+-----+-----+-----+-----+-----+-----+-----+-----+-----+-----+-----+
|xxxxx|xxxgg|xxxgg|xxxgg|xxxxx|xxxxg|xxxgg|xxxxx|xxggg|xxxgg|xxxxx|xxxxx|xxxxx|xxxxx|xxxxx|xxxxx|
|xxxxx|xxggx|xxxgx|xxxgx|xxxxx|xxggx|xxggx|xxxxx|xggxx|xxxxx|xxxxx|  xxx|xxxxx| xxxx|x xxx|xxxxx|
|xxxxx|xxxxx|xxxgg|xxggx|xxxxx|xxgxx|xxgxx|xxx x|xgxxx|xxxxx|xx  x|x xxx|  xxx|xxxxx|xxx x|xxxxx|
|xxxxx|xxxxx|xxxxg|xxxxx|xxxxx|gggxx|xgggx|xxxxx|xxxxx|xxx x|xxxxx|xxxxx|xxx x|xx xx|xxxxx|xxxxx|
|xxxxx|xxxxx|xxxxx|xxxxx|xxxxx|xgxxx|xxxgx|xxxxx|xxxxx|xxxxx|xxxxx|xxxxx|xxxxx|xxxxx|xxxxx|xxxxx|
#-----+-----+-----+-----+-----+-----+-----+-----+-----+-----+-----+-----+-----+-----+-----+-----+
# X X _
# X X X
# _ X _
:is_join_x1_180
+-----+-----+-----+-----+-----+-----+-----+-----+-----+-----+-----+-----+-----+-----+-----+-----+
|xxxxx|xxxgg|xxxgg|xxxgg|xxxxx|xxxxg|xxxgg|xxxxx|xxggg|xxxgg|xxxxx|xxxxx|xxxxx|xxxxx|xxxxx|x xxx|
|xxxxx|xxggx|xxxgx|xxxgx|xxx x|xxggx|xxggx|x xxx|xggxx|xxx x|xxxxx|xxxxx|xx xx|xxxxx|xxxx |xxxxx|
|xxxxx|xxgxx|xxggg|xxggx|x x x|xxgxx|xxgxx|xxxxx|xgxxx|x xxx|xxx x|xxxxx|xxxxx| xxxx|x xxx|xxx x|
|xxxxx|ggggg|ggxxg|xggxx|x xxx|ggggg|xgggx|xx xx|xx xx|xxxxx|x xxx|xxxxx|xx xx|xxxxx|xxx x|x xxx|
|xxxxx|gxxxg|gxxxx|ggxxx|xxxxx|xgxxx|xxxgx|xxxxx|xxxxx|xxxxx|xxxxx|xx xx|xxxxx|xxxxx|xxxxx|xxxxx|
#-----+-----+-----+-----+-----+-----+-----+-----+-----+-----+-----+-----+-----+-----+-----+-----+
# _ X _
# X X X
# X X _
:is_join_x1_90
+-----+-----+-----+-----+-----+-----+-----+-----+-----+-----+-----+-----+-----+-----+-----+-----+
|xxxxx|gxxgg|gxxgg|gxxgg|xx xx|ggxxg|ggxgg|xxxxx|gxggg|xxxgg|gxxxg|gxxxx|xxxxg|xxxxx|xxxxx|xxxxx|
|xxxxx|xgggx|ggxgx|ggxgx|xxxxx|xxggx|xgggx|xx xx|xggxx|x xxx|xxxxx|xxxxx|xxxxx|x xxx|xxxx |xxxxx|
|xxxxx|xxgxx|xxggg|xxggx|x xxx|xxgxx|xxgxx|xxxxx|xgxxx|xxx x|xxxxx|xxx x|xx xx|xx xx|xxxxx|xxxxx|
|xxxxx|xxxxg|xxxxg|xxggg|xxxxx|xxggg|xxggx|x xxx|xxgxx|xxxxx|xx xx|x xxx|xxxxx|xxxxx|xx xx|x xxx|
|xxxxx|xxxxg|gxxxx|xxxxx|xx xx|xxxxx|xxxgx|xxxxx|xxxgx|xxxxx|xx xx|xxxxx|xx xx|xxxxx|xxxxx|xxxxx|
#-----+-----+-----+-----+-----+-----+-----+-----+-----+-----+-----+-----+-----+-----+-----+-----+
# _ X _
# X X X
# X X X
:is_join_x2
+-----+-----+-----+-----+-----+-----+-----+-----+-----+-----+-----+-----+-----+-----+-----+-----+
|xxxxx|gxxgg|gxxgg|gxxgg|xxxxx|ggxxg|ggxgg|xxxxx|gxggg|xxxgg|gxxxg|gxxxx|xxxxg|xxxxx|xxxxx|xxxxx|
|xxxxx|xgggx|ggxgx|ggxgx|xxxxx|xxggx|xgggx| xxxx|xggxx|xxxxx|x xxx|x xxx|xxxxx|xxxxx|xxxxx|xxxxx|
|xxxxx|xxxxx|xxxxx|xxxxx|xxxxx|xxxxx|xxxxx|xxxxx|xxxxx|xxxxx|xxxxx|xxxxx|xxxxx|xx xx|xxxxx|x xxx|
|xxxxx|xxxxx|xxxxx|xxxxx|xxxxx|xxxxx|xxxxx|xxxxx|xxx x|xxxxx|xxxxx|xxxxx|xxx x|xxxxx|xx xx|xxx x|
|xxxxx|xxxxx|xxxxx|xxxxx|xxxxx|xxxxx|xxxxx|xxxxx|xxxxx|xxxx |xxxxx|xxxxx|xxxxx|xxxxx|xxxxx|xxxxx|
#-----+-----+-----+-----+-----+-----+-----+-----+-----+-----+-----+-----+-----+-----+-----+-----+
# _ X X
# X X X
# _ X X
:is_join_x2_270
+-----+-----+-----+-----+-----+-----+-----+-----+-----+-----+-----+-----+-----+-----+-----+-----+
|xxxxx|ggxxx|ggxxx|gxxxx|xxxxx|ggxxx|ggxxg|xxxxx|xxgxx|xxxxx|xxxxx|xxxxx|xxxxx|xxxxx|xxxxx|xxxxx|
|xxxxx|xgxxx|xgxxx|xgxxx|xxxxx|xgxxx|xxxxx|xxxxx|xxxxx|xxxxx|xxxxx|xxxxx|xxxxx|xxxxx|xxxxx|xxxxx|
|xxxxx|xgxxx|xggxx|xgxxx|xxxxx|ggxxx|xxxxx|xxxxx|x xxx|xxxxx|xxxxx|xxx x|xxxxx|xxxxx|xxxxx|xxxxx|
|xxxxx|gxxxx|xgxxx|xgxxx|xxxxx|gxxxx|xxxxx|xxxxx|xxxxx|xx xx|xxxxx|xxxxx|xxxxx|xxxxx|xxxxx|xxxxx|
|xxxxx|xxxxx|ggxxx|xxxxx|xxxxx|gxxxx|xxxxx|xxxxx|xxxxx|xxxxx|xxxxx|xxxxx|xxxxx|xxxxx|xxxxx|xxxxx|
#-----+-----+-----+-----+-----+-----+-----+-----+-----+-----+-----+-----+-----+-----+-----+-----+
# X X X
# X X X
# _ X _
:is_join_x2_180
+-----+-----+-----+-----+-----+-----+-----+-----+-----+-----+-----+-----+-----+-----+-----+-----+
|xxxxx|xxxxx|xxxxx|xxxxx|xxxxx|xxxxx|xxxxx|xxxxx|xxxxx|xxxxx|xxxxx|xxxxx|xxxxx|xxxxx|xxxxx|xxxxx|
|xxxxx|xxxxx|xxxxx|xxxxx|xxxxx|xxxxx|xxxxx|xxxxx|xxxxx|xxxxx|xxxxx|xxxxx|xxxxx|xxxxx|xxxxx|xxxxx|
|xxxxx|xxxxx|xxxxx| xxxx|xxxxx|xxxxx|xxxxx|xxxxx|xx xx|xxxxx|xxxxx|xxxxx|xxxxx|xxxxx| xxxx|xxxxx|
|xxxxx|xxxxx|xxxxx|xxxxx|xx xx|xxxxx|xxxxx|x xxx|xx xx|xxxxx|xxx x|x xxx|xxxxx|xxx x|xxxxx|xxx x|
|xxxxx|xxxxx|xxxxx|xxxxx|xxxxx|x xxx|xxx x| xxxx| xxxx|xxxx |xxx  | xxxx|xxxx |xxxxx|xxxxx|xxxxx|
#-----+-----+-----+-----+-----+-----+-----+-----+-----+-----+-----+-----+-----+-----+-----+-----+
# X X _
# X X X
# X X _
:is_join_x2_90
+-----+-----+-----+-----+-----+-----+-----+-----+-----+-----+-----+-----+-----+-----+-----+-----+
|xxxxx|xxxxx|xxxgg|xxxgg|xxxgg|xxxgg|xxxxg|xxxxg|xxxxx|xxx x|xxxx |xxxxx|xxxx |xxxxx|xxxxx|xxx x|
|xxxxx|xxx x|xxxgx|xxxgx|xxggx|xxxxx|xxxxg|xxxxx|xxxxx|xxx x|xxx x|xxxxx|xxxxx|xxxxx|xxxxx|xxxxx|
|xxx x|xxxxx|xxxgg|xxggx|xxgxx|x xxx|xxxxx|xxxxx|xx xx|xxxxx|xx xx|xxxx |xxxxx|xxxxx|xxx x|xxxxx|
|xxxxx|xxxxx|xxxxg|xxxgg|xxggx|xxxxx|xxxxx|xx  x|xxx x|xxxxx|xxxxx|xxxxx|xxx x|x xxx|xxxxx|xxxxx|
|xxxxx|xxxxx|xxxxx|xxxxg|xxxxg|xx xx|xxx  |xxxx |xxxx |xxxxx|xxxxx|xxxxx|xxxx |xxxxx|xxxxx|xxxxx|
#-----+-----+-----+-----+-----+-----+-----+-----+-----+-----+-----+-----+-----+-----+-----+-----+
# _ X X
# X X X
# X X _
:is_join_x3
+-----+-----+-----+-----+-----+-----+-----+-----+-----+-----+-----+-----+-----+-----+-----+-----+
| xxxx| xxxx|xxxxx|xxxxx|xxxxx|xxxxx|xxxxx|xxxxx|xxxxx|xxxxx|xxxxx|xxxxx|xxxxx|xxxxx|xxxxx|xxxxx|
|x xxx|x xxx|x xxx|xxxxx|x xxx|xxx x|x xxx|x xxx|x xxx|x xxx|x xxx|x xxx| xxxx|xxxxx|xxxxx|xxxxx|
|x xxx|xxxxx|xxxxx|  x x|xx xx|xxxxx|xxx x|xxxxx|xxxxx|xxxxx|xxxxx|xxxxx|xxx x|xx xx|xxxxx|xxxxx|
|x xxx|xx xx|xxx x|xxx x|xxx x|xxxxx|xxxxx|xxx x|xx xx|xxx x|xxx x|x xxx|xxxxx|xxxxx|xxxxx|xxxxx|
|xxxxx|xxx  |xxxxx|xxxxx|xxxxx|xxxxx|xxxxx|xxxxx|xxxxx|xxxxx|xxxxx|xxxxx|xxxxx|xxxxx|xxxxx|xxxxx|
#-----+-----+-----+-----+-----+-----+-----+-----+-----+-----+-----+-----+-----+-----+-----+-----+
# X X _
# X X X
# _ X X
:is_join_x3_180
+-----+-----+-----+-----+-----+-----+-----+-----+-----+-----+-----+-----+-----+-----+-----+-----+
|xxxxg|xxxxg|xxxxg|xxxgg|xxxxg|xxxxg|xxxgg|xxxxg|xxxxg|xxxx |xxxxx|xxx  |xxxxx|xxxxx|xxxxx|xxxxx|
|xxxgx|xxggg|xxggg|xxxg |xxxgg|xxggg|xxxxx|xxxgg|xxxxx|xx  x|xxxxx|x  xx|xxxxx|xx xx|xxxxx|xxxxx|
|xxggg|xxgxx|xxxgx|xxgxx|xxxgx|xxgxx|xxxxx|xxxxx|xx x |xxxxx|xx xx|xxxxx|xxx x|x xxx|xxxxx|xxx x|
|xggxg|xgggx|ggggg|ggggx|xxxxx|x xxx|xx xx|xx xx|xxxxx|x xxx|x  xx|xxxxx|xxxxx|xxxxx|x xxx|xxxxx|
|ggxxg|ggxxx|gxgxx|gxgxx|xxxxx|xxxxx|xxxxx|xxxxx|xxxxx|xxxxx| xxxx|xxxxx|xxxxx|xxxxx|xxxxx|xxxxx|
#-----+-----+-----+-----+-----+-----+-----+-----+-----+-----+-----+-----+-----+-----+-----+-----+
# _ X X
# X X X
# X X X
:is_join_x4
+-----+-----+-----+-----+-----+-----+-----+-----+-----+-----+-----+-----+-----+-----+-----+-----+
|gxxxx|ggxxx|gggxx|gxxxx|xxxxx|xxxxx|xxxxx|xxxxx|xxxxx| xxxx|xxxxx| xxxx| xxxx|xxxxx|xxxxx|xxxxx|
|gxxxx|xgxxx|xxgxx|xxxxx|xx xx|xxxxx|x xxx|xx xx|xx xx|x xxx|xx  x|x xxx|x  xx|xxxxx|xxxxx|xxxxx|
|xxxxx|xgxxx|xxxxx|xxxxx|xxxxx|x xxx|x  xx|xxxxx|x  xx|xxxxx|xx  x|x  xx|xx xx|xxxxx|xxxxx|xxxxx|
|xxxxx|xxxxx|x xxx|xxxx |xxxxx|xxxxx|xx xx|xxxxx|xxxxx|x  xx|xxx x|xxxxx|xx xx|xxxxx|xxxxx|xxxxx|
|xxxxx|xxxxx|xxxxx|xxxxx|xxxxx|xxxxx|xxxxx|xxxxx|xxxxx|x xxx|xxxxx|xxxxx|xxxxx|xxxxx|xxxxx|xxxxx|
#-----+-----+-----+-----+-----+-----+-----+-----+-----+-----+-----+-----+-----+-----+-----+-----+
# X X X
# X X X
# _ X X
:is_join_x4_270
+-----+-----+-----+-----+-----+-----+-----+-----+-----+-----+-----+-----+-----+-----+-----+-----+
|x xxx|xxxxx|xxxxx|xxxxx|xxxxx|xxxxx|xxxxx|xxxxx|xxxxx|xxxxx|xxxxx|xxxxx|xxxxx|xxxxx|xxxxx|xxxxx|
|xxxxx|xxxxx|xxxxx|xxxxx|xxx x|xx xx|  xxx|xx xx|xxxxx|xxxxx|xxxxx|xxxxx|x xxx|xxxxx|xx xx|xx xx|
|xxxxx|xxxxx|xxxxx|x xxx|x x x|xx  x|x  xx|x  x |xx xx|x  xx|xxxxx| xxxx|xxxxx|xxxx |xxxxx|xxxxx|
|xxxxx| xxxx|x xxx|x  xx|x xxx|xxxxx|x xxx|xx xx|xx  x|xxxxx|xxxxx|xxxx |xxx x|x xxx|x  xx|xxxxx|
| xxxx|  xxx| xxxx|xxxxx|xxxxx|xxxxx|xxxxx|xxxxx|xx  x|xxxxx|xxxxx|xxxxx|xxxxx| xxxx| xxxx|xxxxx|
#-----+-----+-----+-----+-----+-----+-----+-----+-----+-----+-----+-----+-----+-----+-----+-----+
# X X X
# X X X
# X X _
:is_join_x4_180
+-----+-----+-----+-----+-----+-----+-----+-----+-----+-----+-----+-----+-----+-----+-----+-----+
|x xxx|xx  x|xxxxx|xxxxx|xxxxx|xxxxx|xxxxx|xxxxx|xxxxx|xxxxx|xxxxx|xxxxx|xxxxx|xxxxx|xxxxx|xxxxx|
|x  xx|xx  x|xxxxx|xxxxx|xxxxx|x xxx|xxxx |xx  x|x xxx|xxxxx|xxxxx|xxxxx|xxx x| xxxx|xxxxx|xxxxx|
|xxxxx|x  xx|x  xx|xxx x|xx xx|x xxx|xxx x|xxx  |  xxx|x  xx|xxxxx|x xxx|xxxxx|xxxx |xx xx|xxxxx|
|xxxxx|x xxx|xx xx|xxxxx|xxxx |xxxxx|xxx x|xxx x|x xxx|xxxxx|xxxxx|xxxxx|xxxxx|xxxxx|  xxx|xxxxx|
|xxxxx|xxxxx|xxxxx|xxxxx|xxxxx|xxxxx|xxxxx|xxxxx|xxxxx|xxxxx|xxx x|xxxxx|xxxxx|xxxxx|xxxxx|xxxxx|
#-----+-----+-----+-----+-----+-----+-----+-----+-----+-----+-----+-----+-----+-----+-----+-----+
# X X _
# X X X
# X X X
:is_join_x4_90
+-----+-----+-----+-----+-----+-----+-----+-----+-----+-----+-----+-----+-----+-----+-----+-----+
|xxxxg|xxxgg|xxxxg|xxxgg|xxxxg|xxxgg|xxxxx|xxxxx|xxxxx|xxxxx|xxxxx|xxxxx|xxxxx|xxxxx|xxxxx|xxxxx|
|xxxgx|xxxgx|xxxgg|xxxxx|xxxgx|xx xx|xxxxx|xxxxx|xxxxx|xx xx|xxxxx|xxxxx|xxxxx|xxxxx|xxxx |xxxxx|
|xx gx|xx  x|xxxgx|xxxxx|xxxxx|xx xx|x  xx|xxx  |xx xx|xxxxx|xxxxx|xxx x|xxxxx|x x x|xxxxx|xxxxx|
|xx xx|xx xx|xx  x|xxxxx|xxxxx|xx xx|xx xx|xxxxx|xxx x|xxxxx|xxx x|xxxxx|xx xx|xxxxx|xxxxx|xxxxx|
|xxxxx|xxxxx|xxxxx|xxxxx|xxxxx|xxxxx|xxxxx|xxxxx|xxxxx|xxxxx|xxxxx|xxxxx|xx xx|xxxxx|xxxxx|xxxxx|
#-----+-----+-----+-----+-----+-----+-----+-----+-----+-----+-----+-----+-----+-----+-----+-----+
:mapchar +
# X X X
# X X X
# X X X
:is_join_block
+-----+-----+-----+-----+-----+-----+-----+-----+-----+-----+-----+-----+-----+-----+-----+-----+
|++x++|++x++|+++++|+++++|++x++|++x++|+++++|++x++|+++++|+++++|++x++|++x++|+++++|+++++|+++++|+++++|
|++x++|++x++|+++++|+++++|++x++|+++++|+++++|++x++|+++++|+++++|++x++|+++++|+++++|+++++|+++++|+++++|
|xxxxx|xxx++|xxx++|xxxxx|xxxxx|+++++|xx+++|+++++|+++xx|+++++|+++++|x++++|x+xxx|+++++|+++++|+++++|
|+++++|++x++|++x++|++x++|++x++|+++++|+++++|+++++|+++++|++x++|++x++|+++++|++x++|+++++|+++++|+++++|
|+++++|++x++|++x++|++x++|++x++|+++++|+++++|+++++|+++++|++x++|++x++|+++++|++x++|+++++|+++++|+++++|
#-----+-----+-----+-----+-----+-----+-----+-----+-----+-----+-----+-----+-----+-----+-----+-----+
:mapchar .
# X X X
# X X X
# X X X
:is_join_block
+-----+
|     |
|     |
|     |
|     |
|     |
#-----+
:mapchar T
# X X X
# X X X
# X X X
:is_join_block
+-----+-----+-----+-----+-----+-----+-----+-----+-----+-----+-----+-----+-----+-----+-----+-----+
|ggggg|ggggg|ggggg|gg gg|ggggg|ggggg|g ggg|ggggg|ggggg|ggggg|gg  g|ggggg|ggggg|g g g|ggggg|ggggg|
|     |     |     |     |     |     |     |     |     |     |     |     |     |     |     |     |
|     |     |     |     |     |     |     |     |     |     |     |     |     |     |     |     |
|     |     |     |     |     |     |     |     |     |     |     |     |     |     |     |     |
|     |     |     |     |     |     |     |     |     |     |     |     |     |     |     |     |
#-----+-----+-----+-----+-----+-----+-----+-----+-----+-----+-----+-----+-----+-----+-----+-----+
:mapchar m
# X X X
# X X X
# X X X
:is_join_block
+-----+-----+-----+-----+-----+-----+-----+-----+-----+-----+-----+-----+-----+-----+-----+-----+
|     |     |     |     |     |     |     |ggggg|     |     |     |     |     |     |     |     |
|     |     |     |     |     |     |ggggx|x   x|     |     |     |     |     |     |     |     |
|     |     |     |     |     |  m  |g   x|x   x|     |     |     |     |     |     |     |     |
|     |     |     |     |     | xxx |x   x|x   x|     |     |     |     |     |     |     |     |
|  m  |  m  |  m  |  m  |  m  |xxxxx|x m x|x m x|  m  |  m  |  m  |  m  |  m  |  m  |  m  |  m  |
#-----+-----+-----+-----+-----+-----+-----+-----+-----+-----+-----+-----+-----+-----+-----+-----+
:mapchar H
# X X X
# X X X
# X X X
:is_join_block
+-----+
|  H  |
|  H  |
|  H  |
|  H  |
|  H  |
#-----+
:mapchar S
# X X X
# X X X
# X X X
:is_join_block
+-----+
|     |
|     |
|  S  |
| xxx |
|xxxxx|
#-----+
:mapchar E
# X X X
# X X X
# X X X
:is_join_block
+-----+
|     |
|     |
|  E  |
| xxx |
|xxxxx|
#-----+
:mapchar D
# X X X
# X X X
# X X X
:is_join_block
+-----+
|xxxxx|
|xxxxx|
|xxxxx|
|xxxxx|
|xxxxx|
#-----+
# _ _ _
# X X X
# _ _ _
:is_join_horiz
+-----+
|x   x|
|x   x|
|xDDDx|
|x   x|
|x   x|
#-----+
# _ X _
# _ X _
# _ X _
:is_join_vert
+-----+
|xxxxx|
|  D  |
|  D  |
|  D  |
|xxxxx|
:mapchar $
# X X X
# X X X
# X X X
:is_join_block
+-----+-----+-----+-----+-----+-----+-----+-----+-----+-----+-----+-----+-----+-----+-----+-----+
|     |     |     |     |     |     |     |     |     |     |     |     |     |     |     |     |
|     |     |     |     |     |xgggx|xxxxx|     |     |     |     |     |     |     |     |     |
|     |     | x   | xxx |xxxxx|x   x|x   x|     | xxxx|xxxx |     |     |     |     |     |     |
| xxx | xxx |xxxx |xx xx|x   x|x   x|x   x| xxx |    x|x    |     |     |     |     |     |     |
|xx$xx| x$x |xx$xx|x $ x|x $ x|x $ x|x $mx|  $x |  $ x|x $  |  $  |  $  |  $  |  $  |  $  |  $  |
#-----+-----+-----+-----+-----+-----+-----+-----+-----+-----+-----+-----+-----+-----+-----+-----+
:mapchar ,
# X X X
# X X X
# X X X
:is_join_block
+-----+
|     |
|     |
|     |
|     |
|     |
#-----+
:mapchar L
# X X X
# X X X
# X X X
:is_join_block
+-----+
|LLLLL|
|LLLLL|
|LLLLL|
|LLLLL|
|LLLLL|
#-----+
# _ _ _
# X X X
# X X X
:is_join_t_3
+-----+-----+-----+-----+-----+-----+-----+-----+-----+-----+-----+-----+-----+-----+-----+-----+
|LLLLL|LxxLL|xxLLL|LxxxL|Lxxxx|LxxxL|LLxLL|LxxLL|LLLLL|LLLLL|LLLLL|LLLLL|LLLLL|LLLLL|LLLLL|LLLLL|
|LLLLL|LLLLL|LLLLL|LLxLL|LLLLx|LLxxL|LLLLL|LLLLL|LLLLL|LLLLL|LLLLL|LLLLL|LLLLL|LLLLL|LLLLL|LLLLL|
|LLLLL|LLLLL|LLLLL|LLLLL|LLLLL|LLxLL|LLLLL|LLLLL|LLLLL|LLLLL|LLLLL|LLLLL|LLLLL|LLLLL|LLLLL|LLLLL|
|LLLLL|LLLLL|LLLLL|LLLLL|LLLLL|LLLLL|LLLLL|LLLLL|LLLLL|LLLLL|LLLLL|LLLLL|LLLLL|LLLLL|LLLLL|LLLLL|
|LLLLL|LLLLL|LLLLL|LLLLL|LLLLL|LLLLL|LLLLL|LLLLL|LLLLL|LLLLL|LLLLL|LLLLL|LLLLL|LLLLL|LLLLL|LLLLL|
#-----+-----+-----+-----+-----+-----+-----+-----+-----+-----+-----+-----+-----+-----+-----+-----+
:mapchar W
# X X X
# X X X
# X X X
:is_join_block
+-----+
|WWWWW|
|WWWWW|
|WWWWW|
|WWWWW|
|WWWWW|
#-----+
# _ _ _
# X X X
# X X X
:is_join_t_3
+-----+-----+-----+-----+-----+-----+-----+-----+-----+-----+-----+-----+-----+-----+-----+-----+
|WWWWW|WxxWW|xxWWW|WxxxW|Wxxxx|WxxxW|WWxWW|WxxWW|WWWWW|WWWWW|WWWWW|WWWWW|WWWWW|WWWWW|WWWWW|WWWWW|
|WWWWW|WWWWW|WWWWW|WWxWW|WWWWx|WWxxW|WWWWW|WWWWW|WWWWW|WWWWW|WWWWW|WWWWW|WWWWW|WWWWW|WWWWW|WWWWW|
|WWWWW|WWWWW|WWWWW|WWWWW|WWWWW|WWxWW|WWWWW|WWWWW|WWWWW|WWWWW|WWWWW|WWWWW|WWWWW|WWWWW|WWWWW|WWWWW|
|WWWWW|WWWWW|WWWWW|WWWWW|WWWWW|WWWWW|WWWWW|WWWWW|WWWWW|WWWWW|WWWWW|WWWWW|WWWWW|WWWWW|WWWWW|WWWWW|
|WWWWW|WWWWW|WWWWW|WWWWW|WWWWW|WWWWW|WWWWW|WWWWW|WWWWW|WWWWW|WWWWW|WWWWW|WWWWW|WWWWW|WWWWW|WWWWW|
#-----+-----+-----+-----+-----+-----+-----+-----+-----+-----+-----+-----+-----+-----+-----+-----+
:mapchar r
# X X X
# X X X
# X X X
:is_join_block
+-----+-----+-----+-----+-----+-----+-----+-----+-----+-----+-----+-----+-----+-----+-----+-----+
|rrr r|rrrrr|rr rr|rrrrr|rrr r|rr rr|rrr r|rrrrr|rr rr|rrrrr|rrrrr|rr rr|rrrrr|rr rr| rrrr|r   r|
|r r r|   rr|rr rr|rrrrr|rr  r| r  r|rr  r|rr rr|r r r| r   | r rr|r  rr|r rrr|r r  | rrrr|r r  |
| rrrr|rrr  |    r|  rrr|r  rr|  rrr|rr rr|r    |  rrr|r   r|    r|rrrrr| rr r| rrr |  rr |r  r |
|   rr| rr r|rrr r|r  rr|r   r|rr rr|  r r|r r r|     |rr rr|rr   |r rrr|   rr|r r  |rrrr |r  r |
|rr rr| rrrr|rrr r|rrr r|rrr r|rrrrr|r rrr|r  rr|rrrr |rr rr|rrrr |rr r |rrrrr|r   r|rrr  |rr  r|
#-----+-----+-----+-----+-----+-----+-----+-----+-----+-----+-----+-----+-----+-----+-----+-----+
:mapchar  
# X X X
# X X X
# X X X
:is_join_block
+-----+-----+-----+-----+-----+-----+-----+-----+-----+-----+-----+-----+-----+-----+-----+-----+
|rrr r|rrrrr|rr rr|rrrrr|rrr r|rr rr|rrr r|rrrrr|rr rr|rrrrr|rrrrr|rr rr|rrrrr|rr rr| rrrr|r   r|
|r r r|   rr|rr rr|rrrrr|rr  r| r  r|rr  r|rr rr|r r r| r   | r rr|r  rr|r rrr|r r  | rrrr|r r  |
| rrrr|rrr  |    r|  rrr|r  rr|  rrr|rr rr|r    |  rrr|r   r|    r|rrrrr| rr r| rrr |  rr |r  r |
|   rr| rr r|rrr r|r  rr|r   r|rr rr|  r r|r r r|     |rr rr|rr   |r rrr|   rr|r r  |rrrr |r  r |
|rr rr| rrrr|rrr r|rrr r|rrr r|rrrrr|r rrr|r  rr|rrrr |rr rr|rrrr |rr r |rrrrr|r   r|rrr  |rr  r|
#-----+-----+-----+-----+-----+-----+-----+-----+-----+-----+-----+-----+-----+-----+-----+-----+
